Archive member included to satisfy reference by file (symbol)

c:/program files (x86)/atollic/truestudio for stm32 9.3.0/armtools/bin/../lib/gcc/arm-atollic-eabi/6.3.1/../../../../arm-atollic-eabi/lib/armv7e-m/fpu\libc_nano.a(lib_a-errno.o)
                              Core\Src\syscalls.o (__errno)
c:/program files (x86)/atollic/truestudio for stm32 9.3.0/armtools/bin/../lib/gcc/arm-atollic-eabi/6.3.1/../../../../arm-atollic-eabi/lib/armv7e-m/fpu\libc_nano.a(lib_a-impure.o)
                              c:/program files (x86)/atollic/truestudio for stm32 9.3.0/armtools/bin/../lib/gcc/arm-atollic-eabi/6.3.1/../../../../arm-atollic-eabi/lib/armv7e-m/fpu\libc_nano.a(lib_a-errno.o) (_impure_ptr)
c:/program files (x86)/atollic/truestudio for stm32 9.3.0/armtools/bin/../lib/gcc/arm-atollic-eabi/6.3.1/../../../../arm-atollic-eabi/lib/armv7e-m/fpu\libc_nano.a(lib_a-init.o)
                              startup\startup_stm32f407xx.o (__libc_init_array)
c:/program files (x86)/atollic/truestudio for stm32 9.3.0/armtools/bin/../lib/gcc/arm-atollic-eabi/6.3.1/../../../../arm-atollic-eabi/lib/armv7e-m/fpu\libc_nano.a(lib_a-memcpy-stub.o)
                              Middlewares\Third_Party\FreeRTOS\Source\CMSIS_RTOS_V2\cmsis_os2.o (memcpy)
c:/program files (x86)/atollic/truestudio for stm32 9.3.0/armtools/bin/../lib/gcc/arm-atollic-eabi/6.3.1/../../../../arm-atollic-eabi/lib/armv7e-m/fpu\libc_nano.a(lib_a-memset.o)
                              Core\Src\main.o (memset)
c:/program files (x86)/atollic/truestudio for stm32 9.3.0/armtools/bin/../lib/gcc/arm-atollic-eabi/6.3.1/../../../../arm-atollic-eabi/lib/armv7e-m/fpu\libc_nano.a(lib_a-printf.o)
                              Core\Src\main.o (printf)
c:/program files (x86)/atollic/truestudio for stm32 9.3.0/armtools/bin/../lib/gcc/arm-atollic-eabi/6.3.1/../../../../arm-atollic-eabi/lib/armv7e-m/fpu\libc_nano.a(lib_a-findfp.o)
                              c:/program files (x86)/atollic/truestudio for stm32 9.3.0/armtools/bin/../lib/gcc/arm-atollic-eabi/6.3.1/../../../../arm-atollic-eabi/lib/armv7e-m/fpu\libc_nano.a(lib_a-printf.o) (__sinit)
c:/program files (x86)/atollic/truestudio for stm32 9.3.0/armtools/bin/../lib/gcc/arm-atollic-eabi/6.3.1/../../../../arm-atollic-eabi/lib/armv7e-m/fpu\libc_nano.a(lib_a-fwalk.o)
                              c:/program files (x86)/atollic/truestudio for stm32 9.3.0/armtools/bin/../lib/gcc/arm-atollic-eabi/6.3.1/../../../../arm-atollic-eabi/lib/armv7e-m/fpu\libc_nano.a(lib_a-findfp.o) (_fwalk)
c:/program files (x86)/atollic/truestudio for stm32 9.3.0/armtools/bin/../lib/gcc/arm-atollic-eabi/6.3.1/../../../../arm-atollic-eabi/lib/armv7e-m/fpu\libc_nano.a(lib_a-nano-mallocr.o)
                              c:/program files (x86)/atollic/truestudio for stm32 9.3.0/armtools/bin/../lib/gcc/arm-atollic-eabi/6.3.1/../../../../arm-atollic-eabi/lib/armv7e-m/fpu\libc_nano.a(lib_a-findfp.o) (_malloc_r)
c:/program files (x86)/atollic/truestudio for stm32 9.3.0/armtools/bin/../lib/gcc/arm-atollic-eabi/6.3.1/../../../../arm-atollic-eabi/lib/armv7e-m/fpu\libc_nano.a(lib_a-nano-vfprintf.o)
                              c:/program files (x86)/atollic/truestudio for stm32 9.3.0/armtools/bin/../lib/gcc/arm-atollic-eabi/6.3.1/../../../../arm-atollic-eabi/lib/armv7e-m/fpu\libc_nano.a(lib_a-printf.o) (_vfprintf_r)
c:/program files (x86)/atollic/truestudio for stm32 9.3.0/armtools/bin/../lib/gcc/arm-atollic-eabi/6.3.1/../../../../arm-atollic-eabi/lib/armv7e-m/fpu\libc_nano.a(lib_a-nano-vfprintf_i.o)
                              c:/program files (x86)/atollic/truestudio for stm32 9.3.0/armtools/bin/../lib/gcc/arm-atollic-eabi/6.3.1/../../../../arm-atollic-eabi/lib/armv7e-m/fpu\libc_nano.a(lib_a-nano-vfprintf.o) (_printf_i)
c:/program files (x86)/atollic/truestudio for stm32 9.3.0/armtools/bin/../lib/gcc/arm-atollic-eabi/6.3.1/../../../../arm-atollic-eabi/lib/armv7e-m/fpu\libc_nano.a(lib_a-sbrkr.o)
                              c:/program files (x86)/atollic/truestudio for stm32 9.3.0/armtools/bin/../lib/gcc/arm-atollic-eabi/6.3.1/../../../../arm-atollic-eabi/lib/armv7e-m/fpu\libc_nano.a(lib_a-nano-mallocr.o) (_sbrk_r)
c:/program files (x86)/atollic/truestudio for stm32 9.3.0/armtools/bin/../lib/gcc/arm-atollic-eabi/6.3.1/../../../../arm-atollic-eabi/lib/armv7e-m/fpu\libc_nano.a(lib_a-stdio.o)
                              c:/program files (x86)/atollic/truestudio for stm32 9.3.0/armtools/bin/../lib/gcc/arm-atollic-eabi/6.3.1/../../../../arm-atollic-eabi/lib/armv7e-m/fpu\libc_nano.a(lib_a-findfp.o) (__sread)
c:/program files (x86)/atollic/truestudio for stm32 9.3.0/armtools/bin/../lib/gcc/arm-atollic-eabi/6.3.1/../../../../arm-atollic-eabi/lib/armv7e-m/fpu\libc_nano.a(lib_a-wbuf.o)
                              c:/program files (x86)/atollic/truestudio for stm32 9.3.0/armtools/bin/../lib/gcc/arm-atollic-eabi/6.3.1/../../../../arm-atollic-eabi/lib/armv7e-m/fpu\libc_nano.a(lib_a-nano-vfprintf.o) (__swbuf_r)
[...]
Memory Configuration

Name             Origin             Length             Attributes
RAM              0x20000000         0x00020000         xrw
CCMRAM           0x10000000         0x00010000         xrw
FLASH            0x08000000         0x00100000         xr
*default*        0x00000000         0xffffffff

Linker script and memory map

LOAD c:/program files (x86)/atollic/truestudio for stm32 9.3.0/armtools/bin/../lib/gcc/arm-atollic-eabi/6.3.1/armv7e-m/fpu/crti.o
LOAD c:/program files (x86)/atollic/truestudio for stm32 9.3.0/armtools/bin/../lib/gcc/arm-atollic-eabi/6.3.1/armv7e-m/fpu/crtbegin.o
LOAD Core\Src\freertos.o
LOAD Core\Src\gpio.o
LOAD Core\Src\i2c.o
LOAD Core\Src\main.o
LOAD Core\Src\stm32f4xx_hal_msp.o
LOAD Core\Src\stm32f4xx_it.o
LOAD Core\Src\syscalls.o
LOAD Core\Src\system_stm32f4xx.o
LOAD Core\Src\usart.o
LOAD Drivers\STM32F4xx_HAL_Driver\Src\stm32f4xx_hal.o
LOAD Drivers\STM32F4xx_HAL_Driver\Src\stm32f4xx_hal_cortex.o
LOAD Drivers\STM32F4xx_HAL_Driver\Src\stm32f4xx_hal_dma.o
LOAD Drivers\STM32F4xx_HAL_Driver\Src\stm32f4xx_hal_dma_ex.o
LOAD Drivers\STM32F4xx_HAL_Driver\Src\stm32f4xx_hal_exti.o
LOAD Drivers\STM32F4xx_HAL_Driver\Src\stm32f4xx_hal_flash.o
LOAD Drivers\STM32F4xx_HAL_Driver\Src\stm32f4xx_hal_flash_ex.o
LOAD Drivers\STM32F4xx_HAL_Driver\Src\stm32f4xx_hal_flash_ramfunc.o
LOAD Drivers\STM32F4xx_HAL_Driver\Src\stm32f4xx_hal_gpio.o
LOAD Drivers\STM32F4xx_HAL_Driver\Src\stm32f4xx_hal_i2c.o
LOAD Drivers\STM32F4xx_HAL_Driver\Src\stm32f4xx_hal_i2c_ex.o
LOAD Drivers\STM32F4xx_HAL_Driver\Src\stm32f4xx_hal_pwr.o
LOAD Drivers\STM32F4xx_HAL_Driver\Src\stm32f4xx_hal_pwr_ex.o
LOAD Drivers\STM32F4xx_HAL_Driver\Src\stm32f4xx_hal_rcc.o
LOAD Drivers\STM32F4xx_HAL_Driver\Src\stm32f4xx_hal_rcc_ex.o
LOAD Drivers\STM32F4xx_HAL_Driver\Src\stm32f4xx_hal_tim.o
LOAD Drivers\STM32F4xx_HAL_Driver\Src\stm32f4xx_hal_tim_ex.o
LOAD Drivers\STM32F4xx_HAL_Driver\Src\stm32f4xx_hal_uart.o
LOAD Middlewares\Third_Party\FreeRTOS\Source\CMSIS_RTOS_V2\cmsis_os2.o
LOAD Middlewares\Third_Party\FreeRTOS\Source\croutine.o
LOAD Middlewares\Third_Party\FreeRTOS\Source\event_groups.o
LOAD Middlewares\Third_Party\FreeRTOS\Source\list.o
LOAD Middlewares\Third_Party\FreeRTOS\Source\portable\GCC\ARM_CM4F\port.o
LOAD Middlewares\Third_Party\FreeRTOS\Source\portable\MemMang\heap_4.o
LOAD Middlewares\Third_Party\FreeRTOS\Source\queue.o
LOAD Middlewares\Third_Party\FreeRTOS\Source\stream_buffer.o
LOAD Middlewares\Third_Party\FreeRTOS\Source\tasks.o
LOAD Middlewares\Third_Party\FreeRTOS\Source\timers.o
LOAD startup\startup_stm32f407xx.o
                0x00000080                malloc_getpagesize_P = 0x80
START GROUP
LOAD c:/program files (x86)/atollic/truestudio for stm32 9.3.0/armtools/bin/../lib/gcc/arm-atollic-eabi/6.3.1/../../../../arm-atollic-eabi/lib/armv7e-m/fpu\libc_nano.a
LOAD c:/program files (x86)/atollic/truestudio for stm32 9.3.0/armtools/bin/../lib/gcc/arm-atollic-eabi/6.3.1/../../../../arm-atollic-eabi/lib/armv7e-m/fpu\libm.a
END GROUP
START GROUP
LOAD c:/program files (x86)/atollic/truestudio for stm32 9.3.0/armtools/bin/../lib/gcc/arm-atollic-eabi/6.3.1/armv7e-m/fpu\libgcc.a
LOAD c:/program files (x86)/atollic/truestudio for stm32 9.3.0/armtools/bin/../lib/gcc/arm-atollic-eabi/6.3.1/../../../../arm-atollic-eabi/lib/armv7e-m/fpu\libc_nano.a
END GROUP
START GROUP
LOAD c:/program files (x86)/atollic/truestudio for stm32 9.3.0/armtools/bin/../lib/gcc/arm-atollic-eabi/6.3.1/armv7e-m/fpu\libgcc.a
LOAD c:/program files (x86)/atollic/truestudio for stm32 9.3.0/armtools/bin/../lib/gcc/arm-atollic-eabi/6.3.1/../../../../arm-atollic-eabi/lib/armv7e-m/fpu\libc_nano.a
LOAD c:/program files (x86)/atollic/truestudio for stm32 9.3.0/armtools/bin/../lib/gcc/arm-atollic-eabi/6.3.1/../../../../arm-atollic-eabi/lib/armv7e-m/fpu\libnosys.a
END GROUP
START GROUP
LOAD c:/program files (x86)/atollic/truestudio for stm32 9.3.0/armtools/bin/../lib/gcc/arm-atollic-eabi/6.3.1/armv7e-m/fpu\libgcc.a
LOAD c:/program files (x86)/atollic/truestudio for stm32 9.3.0/armtools/bin/../lib/gcc/arm-atollic-eabi/6.3.1/../../../../arm-atollic-eabi/lib/armv7e-m/fpu\libc_nano.a
LOAD c:/program files (x86)/atollic/truestudio for stm32 9.3.0/armtools/bin/../lib/gcc/arm-atollic-eabi/6.3.1/../../../../arm-atollic-eabi/lib/armv7e-m/fpu\libnosys.a
END GROUP
LOAD c:/program files (x86)/atollic/truestudio for stm32 9.3.0/armtools/bin/../lib/gcc/arm-atollic-eabi/6.3.1/armv7e-m/fpu/crtend.o
LOAD c:/program files (x86)/atollic/truestudio for stm32 9.3.0/armtools/bin/../lib/gcc/arm-atollic-eabi/6.3.1/armv7e-m/fpu/crtn.o
                0x20020000                _estack = 0x20020000
                0x00000200                _Min_Heap_Size = 0x200
                0x00000400                _Min_Stack_Size = 0x400

.isr_vector     0x08000000      0x188
                0x08000000                . = ALIGN (0x4)
 *(.isr_vector)
 .isr_vector    0x08000000      0x188 startup\startup_stm32f407xx.o
                0x08000000                g_pfnVectors
                0x08000188                . = ALIGN (0x4)

.text           0x08000190     0x7fac
                0x08000190                . = ALIGN (0x4)
 *(.text)
 .text          0x08000190       0x40 c:/program files (x86)/atollic/truestudio for stm32 9.3.0/armtools/bin/../lib/gcc/arm-atollic-eabi/6.3.1/armv7e-m/fpu/crtbegin.o
 .text          0x080001d0       0xa0 c:/program files (x86)/atollic/truestudio for stm32 9.3.0/armtools/bin/../lib/gcc/arm-atollic-eabi/6.3.1/../../../../arm-atollic-eabi/lib/armv7e-m/fpu\libc_nano.a(lib_a-memchr.o)
                0x080001d0                memchr
 .text          0x08000270       0x30 c:/program files (x86)/atollic/truestudio for stm32 9.3.0/armtools/bin/../lib/gcc/arm-atollic-eabi/6.3.1/armv7e-m/fpu\libgcc.a(_aeabi_uldivmod.o)
                0x08000270                __aeabi_uldivmod
 .text          0x080002a0      0x2dc c:/program files (x86)/atollic/truestudio for stm32 9.3.0/armtools/bin/../lib/gcc/arm-atollic-eabi/6.3.1/armv7e-m/fpu\libgcc.a(_udivmoddi4.o)
                0x080002a0                __udivmoddi4
 .text          0x0800057c        0x4 c:/program files (x86)/atollic/truestudio for stm32 9.3.0/armtools/bin/../lib/gcc/arm-atollic-eabi/6.3.1/armv7e-m/fpu\libgcc.a(_dvmd_tls.o)
                0x0800057c                __aeabi_idiv0
                0x0800057c                __aeabi_ldiv0
 *(.text*)
 .text.MX_FREERTOS_Init
                0x08000580       0x4c Core\Src\freertos.o
                0x08000580                MX_FREERTOS_Init
 .text.StartDefaultTask
                0x080005cc       0x10 Core\Src\freertos.o
                0x080005cc                StartDefaultTask
 .text.MX_GPIO_Init
                0x080005dc       0x6c Core\Src\gpio.o
                0x080005dc                MX_GPIO_Init
 .text.MX_I2C2_Init
                0x08000648       0x5c Core\Src\i2c.o
                0x08000648                MX_I2C2_Init
 .text.HAL_I2C_MspInit
                0x080006a4       0xb0 Core\Src\i2c.o
                0x080006a4                HAL_I2C_MspInit
 .text._write   0x08000754       0x28 Core\Src\main.o
                0x08000754                _write
 .text.HAL_UART_RxCpltCallback
                0x0800077c       0xa8 Core\Src\main.o
                0x0800077c                HAL_UART_RxCpltCallback
 .text.vTaskUart3RxCmdHandler
                0x08000824       0x5c Core\Src\main.o
                0x08000824                vTaskUart3RxCmdHandler
 .text.main     0x08000880       0xb8 Core\Src\main.o
                0x08000880                main
 .text.SystemClock_Config
                0x08000938       0xbc Core\Src\main.o
                0x08000938                SystemClock_Config
 .text.Error_Handler
                0x080009f4        0xe Core\Src\main.o
                0x080009f4                Error_Handler
 *fill*         0x08000a02        0x2 
 .text.HAL_MspInit
                0x08000a04       0x50 Core\Src\stm32f4xx_hal_msp.o
                0x08000a04                HAL_MspInit
 .text.NMI_Handler
                0x08000a54        0xe Core\Src\stm32f4xx_it.o
                0x08000a54                NMI_Handler
 .text.HardFault_Handler
                0x08000a62        0x6 Core\Src\stm32f4xx_it.o
                0x08000a62                HardFault_Handler
 .text.MemManage_Handler
                0x08000a68        0x6 Core\Src\stm32f4xx_it.o
                0x08000a68                MemManage_Handler
 .text.BusFault_Handler
                0x08000a6e        0x6 Core\Src\stm32f4xx_it.o
                0x08000a6e                BusFault_Handler
 .text.UsageFault_Handler
                0x08000a74        0x6 Core\Src\stm32f4xx_it.o
                0x08000a74                UsageFault_Handler
 .text.DebugMon_Handler
                0x08000a7a        0xe Core\Src\stm32f4xx_it.o
                0x08000a7a                DebugMon_Handler
 .text.SysTick_Handler
                0x08000a88       0x1a Core\Src\stm32f4xx_it.o
                0x08000a88                SysTick_Handler
 *fill*         0x08000aa2        0x2 
 .text.I2C2_EV_IRQHandler
                0x08000aa4       0x14 Core\Src\stm32f4xx_it.o
                0x08000aa4                I2C2_EV_IRQHandler
 .text.I2C2_ER_IRQHandler
                0x08000ab8       0x14 Core\Src\stm32f4xx_it.o
                0x08000ab8                I2C2_ER_IRQHandler
 .text.USART3_IRQHandler
                0x08000acc       0x14 Core\Src\stm32f4xx_it.o
                0x08000acc                USART3_IRQHandler
 .text._read    0x08000ae0       0x3a Core\Src\syscalls.o
                0x08000ae0                _read
 *fill*         0x08000b1a        0x2 
 .text._sbrk    0x08000b1c       0x58 Core\Src\syscalls.o
                0x08000b1c                _sbrk
 .text._close   0x08000b74       0x18 Core\Src\syscalls.o
                0x08000b74                _close
 .text._fstat   0x08000b8c       0x20 Core\Src\syscalls.o
                0x08000b8c                _fstat
 .text._isatty  0x08000bac       0x16 Core\Src\syscalls.o
                0x08000bac                _isatty
 .text._lseek   0x08000bc2       0x1a Core\Src\syscalls.o
                0x08000bc2                _lseek
 .text.SystemInit
                0x08000bdc       0x2c Core\Src\system_stm32f4xx.o
                0x08000bdc                SystemInit
 .text.MX_USART3_UART_Init
                0x08000c08       0x54 Core\Src\usart.o
                0x08000c08                MX_USART3_UART_Init
 .text.HAL_UART_MspInit
                0x08000c5c       0xa0 Core\Src\usart.o
                0x08000c5c                HAL_UART_MspInit
 .text.HAL_Init
                0x08000cfc       0x44 Drivers\STM32F4xx_HAL_Driver\Src\stm32f4xx_hal.o
                0x08000cfc                HAL_Init
 .text.HAL_InitTick
                0x08000d40       0x60 Drivers\STM32F4xx_HAL_Driver\Src\stm32f4xx_hal.o
                0x08000d40                HAL_InitTick
 .text.HAL_IncTick
                0x08000da0       0x28 Drivers\STM32F4xx_HAL_Driver\Src\stm32f4xx_hal.o
                0x08000da0                HAL_IncTick
 .text.HAL_GetTick
                0x08000dc8       0x18 Drivers\STM32F4xx_HAL_Driver\Src\stm32f4xx_hal.o
                0x08000dc8                HAL_GetTick
 .text.__NVIC_SetPriorityGrouping
                0x08000de0       0x48 Drivers\STM32F4xx_HAL_Driver\Src\stm32f4xx_hal_cortex.o
 .text.__NVIC_GetPriorityGrouping
                0x08000e28       0x1c Drivers\STM32F4xx_HAL_Driver\Src\stm32f4xx_hal_cortex.o
 .text.__NVIC_EnableIRQ
                0x08000e44       0x3c Drivers\STM32F4xx_HAL_Driver\Src\stm32f4xx_hal_cortex.o
 .text.__NVIC_SetPriority
                0x08000e80       0x54 Drivers\STM32F4xx_HAL_Driver\Src\stm32f4xx_hal_cortex.o
 .text.NVIC_EncodePriority
                0x08000ed4       0x62 Drivers\STM32F4xx_HAL_Driver\Src\stm32f4xx_hal_cortex.o
 *fill*         0x08000f36        0x2 
 .text.SysTick_Config
                0x08000f38       0x44 Drivers\STM32F4xx_HAL_Driver\Src\stm32f4xx_hal_cortex.o
 .text.HAL_NVIC_SetPriorityGrouping
                0x08000f7c       0x16 Drivers\STM32F4xx_HAL_Driver\Src\stm32f4xx_hal_cortex.o
                0x08000f7c                HAL_NVIC_SetPriorityGrouping
 .text.HAL_NVIC_SetPriority
                0x08000f92       0x38 Drivers\STM32F4xx_HAL_Driver\Src\stm32f4xx_hal_cortex.o
                0x08000f92                HAL_NVIC_SetPriority
 .text.HAL_NVIC_EnableIRQ
                0x08000fca       0x1c Drivers\STM32F4xx_HAL_Driver\Src\stm32f4xx_hal_cortex.o
                0x08000fca                HAL_NVIC_EnableIRQ
 .text.HAL_SYSTICK_Config
                0x08000fe6       0x18 Drivers\STM32F4xx_HAL_Driver\Src\stm32f4xx_hal_cortex.o
                0x08000fe6                HAL_SYSTICK_Config
 .text.HAL_DMA_Abort_IT
                0x08000ffe       0x44 Drivers\STM32F4xx_HAL_Driver\Src\stm32f4xx_hal_dma.o
                0x08000ffe                HAL_DMA_Abort_IT
 .text.HAL_DMA_GetState
                0x08001042       0x1c Drivers\STM32F4xx_HAL_Driver\Src\stm32f4xx_hal_dma.o
                0x08001042                HAL_DMA_GetState
 *fill*         0x0800105e        0x2 
 .text.HAL_GPIO_Init
                0x08001060      0x334 Drivers\STM32F4xx_HAL_Driver\Src\stm32f4xx_hal_gpio.o
                0x08001060                HAL_GPIO_Init
 .text.HAL_I2C_Init
                0x08001394      0x270 Drivers\STM32F4xx_HAL_Driver\Src\stm32f4xx_hal_i2c.o
                0x08001394                HAL_I2C_Init
 .text.HAL_I2C_EV_IRQHandler
                0x08001604      0x29e Drivers\STM32F4xx_HAL_Driver\Src\stm32f4xx_hal_i2c.o
                0x08001604                HAL_I2C_EV_IRQHandler
 .text.HAL_I2C_ER_IRQHandler
                0x080018a2      0x13e Drivers\STM32F4xx_HAL_Driver\Src\stm32f4xx_hal_i2c.o
                0x080018a2                HAL_I2C_ER_IRQHandler
 .text.HAL_I2C_MasterTxCpltCallback
                0x080019e0       0x14 Drivers\STM32F4xx_HAL_Driver\Src\stm32f4xx_hal_i2c.o
                0x080019e0                HAL_I2C_MasterTxCpltCallback
 .text.HAL_I2C_MasterRxCpltCallback
                0x080019f4       0x14 Drivers\STM32F4xx_HAL_Driver\Src\stm32f4xx_hal_i2c.o
                0x080019f4                HAL_I2C_MasterRxCpltCallback
 .text.HAL_I2C_SlaveTxCpltCallback
                0x08001a08       0x14 Drivers\STM32F4xx_HAL_Driver\Src\stm32f4xx_hal_i2c.o
                0x08001a08                HAL_I2C_SlaveTxCpltCallback
 .text.HAL_I2C_SlaveRxCpltCallback
                0x08001a1c       0x14 Drivers\STM32F4xx_HAL_Driver\Src\stm32f4xx_hal_i2c.o
                0x08001a1c                HAL_I2C_SlaveRxCpltCallback
 .text.HAL_I2C_AddrCallback
                0x08001a30       0x1c Drivers\STM32F4xx_HAL_Driver\Src\stm32f4xx_hal_i2c.o
                0x08001a30                HAL_I2C_AddrCallback
 .text.HAL_I2C_ListenCpltCallback
                0x08001a4c       0x14 Drivers\STM32F4xx_HAL_Driver\Src\stm32f4xx_hal_i2c.o
                0x08001a4c                HAL_I2C_ListenCpltCallback
 .text.HAL_I2C_MemTxCpltCallback
                0x08001a60       0x14 Drivers\STM32F4xx_HAL_Driver\Src\stm32f4xx_hal_i2c.o
                0x08001a60                HAL_I2C_MemTxCpltCallback
 .text.HAL_I2C_MemRxCpltCallback
                0x08001a74       0x14 Drivers\STM32F4xx_HAL_Driver\Src\stm32f4xx_hal_i2c.o
                0x08001a74                HAL_I2C_MemRxCpltCallback
 .text.HAL_I2C_ErrorCallback
                0x08001a88       0x14 Drivers\STM32F4xx_HAL_Driver\Src\stm32f4xx_hal_i2c.o
                0x08001a88                HAL_I2C_ErrorCallback
 .text.HAL_I2C_AbortCpltCallback
                0x08001a9c       0x14 Drivers\STM32F4xx_HAL_Driver\Src\stm32f4xx_hal_i2c.o
                0x08001a9c                HAL_I2C_AbortCpltCallback
 .text.I2C_MasterTransmit_TXE
                0x08001ab0      0x138 Drivers\STM32F4xx_HAL_Driver\Src\stm32f4xx_hal_i2c.o
 .text.I2C_MasterTransmit_BTF
                0x08001be8       0xd0 Drivers\STM32F4xx_HAL_Driver\Src\stm32f4xx_hal_i2c.o
 .text.I2C_MemoryTransmit_TXE_BTF
                0x08001cb8      0x11e Drivers\STM32F4xx_HAL_Driver\Src\stm32f4xx_hal_i2c.o
 .text.I2C_MasterReceive_RXNE
                0x08001dd6      0x162 Drivers\STM32F4xx_HAL_Driver\Src\stm32f4xx_hal_i2c.o
 .text.I2C_MasterReceive_BTF
                0x08001f38      0x1d4 Drivers\STM32F4xx_HAL_Driver\Src\stm32f4xx_hal_i2c.o
 .text.I2C_Master_SB
                0x0800210c      0x108 Drivers\STM32F4xx_HAL_Driver\Src\stm32f4xx_hal_i2c.o
 .text.I2C_Master_ADD10
                0x08002214       0x54 Drivers\STM32F4xx_HAL_Driver\Src\stm32f4xx_hal_i2c.o
 .text.I2C_Master_ADDR
                0x08002268      0x322 Drivers\STM32F4xx_HAL_Driver\Src\stm32f4xx_hal_i2c.o
 .text.I2C_SlaveTransmit_TXE
                0x0800258a       0x7a Drivers\STM32F4xx_HAL_Driver\Src\stm32f4xx_hal_i2c.o
 .text.I2C_SlaveTransmit_BTF
                0x08002604       0x42 Drivers\STM32F4xx_HAL_Driver\Src\stm32f4xx_hal_i2c.o
 .text.I2C_SlaveReceive_RXNE
                0x08002646       0x7c Drivers\STM32F4xx_HAL_Driver\Src\stm32f4xx_hal_i2c.o
 .text.I2C_SlaveReceive_BTF
                0x080026c2       0x44 Drivers\STM32F4xx_HAL_Driver\Src\stm32f4xx_hal_i2c.o
 .text.I2C_Slave_ADDR
                0x08002706       0x84 Drivers\STM32F4xx_HAL_Driver\Src\stm32f4xx_hal_i2c.o
 *fill*         0x0800278a        0x2 
 .text.I2C_Slave_STOPF
                0x0800278c      0x260 Drivers\STM32F4xx_HAL_Driver\Src\stm32f4xx_hal_i2c.o
 .text.I2C_Slave_AF
                0x080029ec       0xe0 Drivers\STM32F4xx_HAL_Driver\Src\stm32f4xx_hal_i2c.o
 .text.I2C_ITError
                0x08002acc      0x264 Drivers\STM32F4xx_HAL_Driver\Src\stm32f4xx_hal_i2c.o
 .text.I2C_DMAAbort
                0x08002d30      0x150 Drivers\STM32F4xx_HAL_Driver\Src\stm32f4xx_hal_i2c.o
 .text.I2C_WaitOnSTOPRequestThroughIT
                0x08002e80       0x64 Drivers\STM32F4xx_HAL_Driver\Src\stm32f4xx_hal_i2c.o
 .text.I2C_ConvertOtherXferOptions
                0x08002ee4       0x36 Drivers\STM32F4xx_HAL_Driver\Src\stm32f4xx_hal_i2c.o
 *fill*         0x08002f1a        0x2 
 .text.HAL_RCC_OscConfig
                0x08002f1c      0x4e0 Drivers\STM32F4xx_HAL_Driver\Src\stm32f4xx_hal_rcc.o
                0x08002f1c                HAL_RCC_OscConfig
 .text.HAL_RCC_ClockConfig
                0x080033fc      0x1cc Drivers\STM32F4xx_HAL_Driver\Src\stm32f4xx_hal_rcc.o
                0x080033fc                HAL_RCC_ClockConfig
 .text.HAL_RCC_GetSysClockFreq
                0x080035c8      0x16c Drivers\STM32F4xx_HAL_Driver\Src\stm32f4xx_hal_rcc.o
                0x080035c8                HAL_RCC_GetSysClockFreq
 .text.HAL_RCC_GetHCLKFreq
                0x08003734       0x18 Drivers\STM32F4xx_HAL_Driver\Src\stm32f4xx_hal_rcc.o
                0x08003734                HAL_RCC_GetHCLKFreq
 .text.HAL_RCC_GetPCLK1Freq
                0x0800374c       0x28 Drivers\STM32F4xx_HAL_Driver\Src\stm32f4xx_hal_rcc.o
                0x0800374c                HAL_RCC_GetPCLK1Freq
 .text.HAL_RCC_GetPCLK2Freq
                0x08003774       0x28 Drivers\STM32F4xx_HAL_Driver\Src\stm32f4xx_hal_rcc.o
                0x08003774                HAL_RCC_GetPCLK2Freq
 .text.HAL_UART_Init
                0x0800379c       0x9a Drivers\STM32F4xx_HAL_Driver\Src\stm32f4xx_hal_uart.o
                0x0800379c                HAL_UART_Init
 .text.HAL_UART_Transmit
                0x08003836      0x130 Drivers\STM32F4xx_HAL_Driver\Src\stm32f4xx_hal_uart.o
                0x08003836                HAL_UART_Transmit
 .text.HAL_UART_Receive_IT
                0x08003966       0xaa Drivers\STM32F4xx_HAL_Driver\Src\stm32f4xx_hal_uart.o
                0x08003966                HAL_UART_Receive_IT
 .text.HAL_UART_IRQHandler
                0x08003a10      0x200 Drivers\STM32F4xx_HAL_Driver\Src\stm32f4xx_hal_uart.o
                0x08003a10                HAL_UART_IRQHandler
 .text.HAL_UART_TxCpltCallback
                0x08003c10       0x14 Drivers\STM32F4xx_HAL_Driver\Src\stm32f4xx_hal_uart.o
                0x08003c10                HAL_UART_TxCpltCallback
 .text.HAL_UART_ErrorCallback
                0x08003c24       0x14 Drivers\STM32F4xx_HAL_Driver\Src\stm32f4xx_hal_uart.o
                0x08003c24                HAL_UART_ErrorCallback
 .text.UART_WaitOnFlagUntilTimeout
                0x08003c38       0x94 Drivers\STM32F4xx_HAL_Driver\Src\stm32f4xx_hal_uart.o
 .text.UART_EndRxTransfer
                0x08003ccc       0x3c Drivers\STM32F4xx_HAL_Driver\Src\stm32f4xx_hal_uart.o
 .text.UART_DMAAbortOnError
                0x08003d08       0x28 Drivers\STM32F4xx_HAL_Driver\Src\stm32f4xx_hal_uart.o
 .text.UART_Transmit_IT
                0x08003d30       0xaa Drivers\STM32F4xx_HAL_Driver\Src\stm32f4xx_hal_uart.o
 .text.UART_EndTransmit_IT
                0x08003dda       0x30 Drivers\STM32F4xx_HAL_Driver\Src\stm32f4xx_hal_uart.o
 .text.UART_Receive_IT
                0x08003e0a      0x102 Drivers\STM32F4xx_HAL_Driver\Src\stm32f4xx_hal_uart.o
 .text.UART_SetConfig
                0x08003f0c      0x67c Drivers\STM32F4xx_HAL_Driver\Src\stm32f4xx_hal_uart.o
 .text.SVC_Setup
                0x08004588        0xe Middlewares\Third_Party\FreeRTOS\Source\CMSIS_RTOS_V2\cmsis_os2.o
 *fill*         0x08004596        0x2 
 .text.osKernelInitialize
                0x08004598       0x68 Middlewares\Third_Party\FreeRTOS\Source\CMSIS_RTOS_V2\cmsis_os2.o
                0x08004598                osKernelInitialize
 .text.osKernelStart
                0x08004600       0x6c Middlewares\Third_Party\FreeRTOS\Source\CMSIS_RTOS_V2\cmsis_os2.o
                0x08004600                osKernelStart
 .text.osThreadNew
                0x0800466c      0x14c Middlewares\Third_Party\FreeRTOS\Source\CMSIS_RTOS_V2\cmsis_os2.o
                0x0800466c                osThreadNew
 .text.osDelay  0x080047b8       0x5c Middlewares\Third_Party\FreeRTOS\Source\CMSIS_RTOS_V2\cmsis_os2.o
                0x080047b8                osDelay
 .text.osMutexNew
                0x08004814      0x134 Middlewares\Third_Party\FreeRTOS\Source\CMSIS_RTOS_V2\cmsis_os2.o
                0x08004814                osMutexNew
 .text.vApplicationGetIdleTaskMemory
                0x08004948       0x34 Middlewares\Third_Party\FreeRTOS\Source\CMSIS_RTOS_V2\cmsis_os2.o
                0x08004948                vApplicationGetIdleTaskMemory
 .text.vApplicationGetTimerTaskMemory
                0x0800497c       0x34 Middlewares\Third_Party\FreeRTOS\Source\CMSIS_RTOS_V2\cmsis_os2.o
                0x0800497c                vApplicationGetTimerTaskMemory
 .text.vListInitialise
                0x080049b0       0x40 Middlewares\Third_Party\FreeRTOS\Source\list.o
                0x080049b0                vListInitialise
 .text.vListInitialiseItem
                0x080049f0       0x1a Middlewares\Third_Party\FreeRTOS\Source\list.o
                0x080049f0                vListInitialiseItem
 .text.vListInsertEnd
                0x08004a0a       0x48 Middlewares\Third_Party\FreeRTOS\Source\list.o
                0x08004a0a                vListInsertEnd
 .text.vListInsert
                0x08004a52       0x72 Middlewares\Third_Party\FreeRTOS\Source\list.o
                0x08004a52                vListInsert
 .text.uxListRemove
                0x08004ac4       0x54 Middlewares\Third_Party\FreeRTOS\Source\list.o
                0x08004ac4                uxListRemove
 .text.pxPortInitialiseStack
                0x08004b18       0x68 Middlewares\Third_Party\FreeRTOS\Source\portable\GCC\ARM_CM4F\port.o
                0x08004b18                pxPortInitialiseStack
 .text.prvTaskExitError
                0x08004b80       0x54 Middlewares\Third_Party\FreeRTOS\Source\portable\GCC\ARM_CM4F\port.o
 *fill*         0x08004bd4        0xc 
 .text.SVC_Handler
                0x08004be0       0x28 Middlewares\Third_Party\FreeRTOS\Source\portable\GCC\ARM_CM4F\port.o
                0x08004be0                SVC_Handler
 .text.prvPortStartFirstTask
                0x08004c08       0x28 Middlewares\Third_Party\FreeRTOS\Source\portable\GCC\ARM_CM4F\port.o
 .text.xPortStartScheduler
                0x08004c30      0x13c Middlewares\Third_Party\FreeRTOS\Source\portable\GCC\ARM_CM4F\port.o
                0x08004c30                xPortStartScheduler
 .text.vPortEnterCritical
                0x08004d6c       0x5c Middlewares\Third_Party\FreeRTOS\Source\portable\GCC\ARM_CM4F\port.o
                0x08004d6c                vPortEnterCritical
 .text.vPortExitCritical
                0x08004dc8       0x50 Middlewares\Third_Party\FreeRTOS\Source\portable\GCC\ARM_CM4F\port.o
                0x08004dc8                vPortExitCritical
 *fill*         0x08004e18        0x8 
 .text.PendSV_Handler
                0x08004e20       0x68 Middlewares\Third_Party\FreeRTOS\Source\portable\GCC\ARM_CM4F\port.o
                0x08004e20                PendSV_Handler
 .text.xPortSysTickHandler
                0x08004e88       0x40 Middlewares\Third_Party\FreeRTOS\Source\portable\GCC\ARM_CM4F\port.o
                0x08004e88                xPortSysTickHandler
 .text.vPortSetupTimerInterrupt
                0x08004ec8       0x48 Middlewares\Third_Party\FreeRTOS\Source\portable\GCC\ARM_CM4F\port.o
                0x08004ec8                vPortSetupTimerInterrupt
 .text.vPortEnableVFP
                0x08004f10       0x14 Middlewares\Third_Party\FreeRTOS\Source\portable\GCC\ARM_CM4F\port.o
 .text.vPortValidateInterruptPriority
                0x08004f24       0x7c Middlewares\Third_Party\FreeRTOS\Source\portable\GCC\ARM_CM4F\port.o
                0x08004f24                vPortValidateInterruptPriority
 .text.pvPortMalloc
                0x08004fa0      0x184 Middlewares\Third_Party\FreeRTOS\Source\portable\MemMang\heap_4.o
                0x08004fa0                pvPortMalloc
 .text.vPortFree
                0x08005124       0xb0 Middlewares\Third_Party\FreeRTOS\Source\portable\MemMang\heap_4.o
                0x08005124                vPortFree
 .text.prvHeapInit
                0x080051d4       0xc4 Middlewares\Third_Party\FreeRTOS\Source\portable\MemMang\heap_4.o
 .text.prvInsertBlockIntoFreeList
                0x08005298       0xb4 Middlewares\Third_Party\FreeRTOS\Source\portable\MemMang\heap_4.o
 .text.xQueueGenericReset
                0x0800534c       0xd0 Middlewares\Third_Party\FreeRTOS\Source\queue.o
                0x0800534c                xQueueGenericReset
 .text.xQueueGenericCreateStatic
                0x0800541c       0xe6 Middlewares\Third_Party\FreeRTOS\Source\queue.o
                0x0800541c                xQueueGenericCreateStatic
 .text.xQueueGenericCreate
                0x08005502       0x7e Middlewares\Third_Party\FreeRTOS\Source\queue.o
                0x08005502                xQueueGenericCreate
 .text.prvInitialiseNewQueue
                0x08005580       0x46 Middlewares\Third_Party\FreeRTOS\Source\queue.o
 .text.prvInitialiseMutex
                0x080055c6       0x34 Middlewares\Third_Party\FreeRTOS\Source\queue.o
 .text.xQueueCreateMutex
                0x080055fa       0x30 Middlewares\Third_Party\FreeRTOS\Source\queue.o
                0x080055fa                xQueueCreateMutex
 .text.xQueueCreateMutexStatic
                0x0800562a       0x36 Middlewares\Third_Party\FreeRTOS\Source\queue.o
                0x0800562a                xQueueCreateMutexStatic
 .text.xQueueGenericSend
                0x08005660      0x1f4 Middlewares\Third_Party\FreeRTOS\Source\queue.o
                0x08005660                xQueueGenericSend
 .text.xQueueGenericSendFromISR
                0x08005854      0x128 Middlewares\Third_Party\FreeRTOS\Source\queue.o
                0x08005854                xQueueGenericSendFromISR
 .text.xQueueReceive
                0x0800597c      0x1b8 Middlewares\Third_Party\FreeRTOS\Source\queue.o
                0x0800597c                xQueueReceive
 .text.prvCopyDataToQueue
                0x08005b34       0xd4 Middlewares\Third_Party\FreeRTOS\Source\queue.o
 .text.prvCopyDataFromQueue
                0x08005c08       0x4c Middlewares\Third_Party\FreeRTOS\Source\queue.o
 .text.prvUnlockQueue
                0x08005c54       0xa4 Middlewares\Third_Party\FreeRTOS\Source\queue.o
 .text.prvIsQueueEmpty
                0x08005cf8       0x2c Middlewares\Third_Party\FreeRTOS\Source\queue.o
 .text.prvIsQueueFull
                0x08005d24       0x30 Middlewares\Third_Party\FreeRTOS\Source\queue.o
 .text.vQueueAddToRegistry
                0x08005d54       0x50 Middlewares\Third_Party\FreeRTOS\Source\queue.o
                0x08005d54                vQueueAddToRegistry
 .text.vQueueWaitForMessageRestricted
                0x08005da4       0x68 Middlewares\Third_Party\FreeRTOS\Source\queue.o
                0x08005da4                vQueueWaitForMessageRestricted
 .text.xTaskCreateStatic
                0x08005e0c       0xb4 Middlewares\Third_Party\FreeRTOS\Source\tasks.o
                0x08005e0c                xTaskCreateStatic
 .text.xTaskCreate
                0x08005ec0       0x8a Middlewares\Third_Party\FreeRTOS\Source\tasks.o
                0x08005ec0                xTaskCreate
 .text.prvInitialiseNewTask
                0x08005f4a      0x11c Middlewares\Third_Party\FreeRTOS\Source\tasks.o
 *fill*         0x08006066        0x2 
 .text.prvAddNewTaskToReadyList
                0x08006068       0xe0 Middlewares\Third_Party\FreeRTOS\Source\tasks.o
 .text.vTaskDelay
                0x08006148       0x68 Middlewares\Third_Party\FreeRTOS\Source\tasks.o
                0x08006148                vTaskDelay
 .text.vTaskStartScheduler
                0x080061b0       0xc8 Middlewares\Third_Party\FreeRTOS\Source\tasks.o
                0x080061b0                vTaskStartScheduler
 .text.vTaskSuspendAll
                0x08006278       0x1c Middlewares\Third_Party\FreeRTOS\Source\tasks.o
                0x08006278                vTaskSuspendAll
 .text.xTaskResumeAll
                0x08006294      0x138 Middlewares\Third_Party\FreeRTOS\Source\tasks.o
                0x08006294                xTaskResumeAll
 .text.xTaskGetTickCount
                0x080063cc       0x20 Middlewares\Third_Party\FreeRTOS\Source\tasks.o
                0x080063cc                xTaskGetTickCount
 .text.xTaskIncrementTick
                0x080063ec      0x170 Middlewares\Third_Party\FreeRTOS\Source\tasks.o
                0x080063ec                xTaskIncrementTick
 .text.vTaskSwitchContext
                0x0800655c       0xb8 Middlewares\Third_Party\FreeRTOS\Source\tasks.o
                0x0800655c                vTaskSwitchContext
 .text.vTaskPlaceOnEventList
                0x08006614       0x48 Middlewares\Third_Party\FreeRTOS\Source\tasks.o
                0x08006614                vTaskPlaceOnEventList
 .text.vTaskPlaceOnEventListRestricted
                0x0800665c       0x54 Middlewares\Third_Party\FreeRTOS\Source\tasks.o
                0x0800665c                vTaskPlaceOnEventListRestricted
 .text.xTaskRemoveFromEventList
                0x080066b0       0xc4 Middlewares\Third_Party\FreeRTOS\Source\tasks.o
                0x080066b0                xTaskRemoveFromEventList
 .text.vTaskInternalSetTimeOutState
                0x08006774       0x2c Middlewares\Third_Party\FreeRTOS\Source\tasks.o
                0x08006774                vTaskInternalSetTimeOutState
 .text.xTaskCheckForTimeOut
                0x080067a0       0xc0 Middlewares\Third_Party\FreeRTOS\Source\tasks.o
                0x080067a0                xTaskCheckForTimeOut
 .text.vTaskMissedYield
                0x08006860       0x18 Middlewares\Third_Party\FreeRTOS\Source\tasks.o
                0x08006860                vTaskMissedYield
 .text.prvIdleTask
                0x08006878       0x30 Middlewares\Third_Party\FreeRTOS\Source\tasks.o
 .text.prvInitialiseTaskLists
                0x080068a8       0x80 Middlewares\Third_Party\FreeRTOS\Source\tasks.o
 .text.prvCheckTasksWaitingTermination
                0x08006928       0x58 Middlewares\Third_Party\FreeRTOS\Source\tasks.o
 .text.prvDeleteTCB
                0x08006980       0x5c Middlewares\Third_Party\FreeRTOS\Source\tasks.o
 .text.prvResetNextTaskUnblockTime
                0x080069dc       0x40 Middlewares\Third_Party\FreeRTOS\Source\tasks.o
 .text.xTaskGetSchedulerState
                0x08006a1c       0x3c Middlewares\Third_Party\FreeRTOS\Source\tasks.o
                0x08006a1c                xTaskGetSchedulerState
 .text.xTaskPriorityDisinherit
                0x08006a58       0xd8 Middlewares\Third_Party\FreeRTOS\Source\tasks.o
                0x08006a58                xTaskPriorityDisinherit
 .text.prvAddCurrentTaskToDelayedList
                0x08006b30       0xa8 Middlewares\Third_Party\FreeRTOS\Source\tasks.o
 .text.xTimerCreateTimerTask
                0x08006bd8       0x90 Middlewares\Third_Party\FreeRTOS\Source\timers.o
                0x08006bd8                xTimerCreateTimerTask
 .text.xTimerGenericCommand
                0x08006c68       0x98 Middlewares\Third_Party\FreeRTOS\Source\timers.o
                0x08006c68                xTimerGenericCommand
 .text.prvProcessExpiredTimer
                0x08006d00       0x98 Middlewares\Third_Party\FreeRTOS\Source\timers.o
 .text.prvTimerTask
                0x08006d98       0x24 Middlewares\Third_Party\FreeRTOS\Source\timers.o
 .text.prvProcessTimerOrBlockTask
                0x08006dbc       0x9c Middlewares\Third_Party\FreeRTOS\Source\timers.o
 .text.prvGetNextExpireTime
                0x08006e58       0x48 Middlewares\Third_Party\FreeRTOS\Source\timers.o
 .text.prvSampleTimeNow
                0x08006ea0       0x40 Middlewares\Third_Party\FreeRTOS\Source\timers.o
 .text.prvInsertTimerInActiveList
                0x08006ee0       0x84 Middlewares\Third_Party\FreeRTOS\Source\timers.o
 .text.prvProcessReceivedCommands
                0x08006f64      0x1b8 Middlewares\Third_Party\FreeRTOS\Source\timers.o
 .text.prvSwitchTimerLists
                0x0800711c       0xc8 Middlewares\Third_Party\FreeRTOS\Source\timers.o
 .text.prvCheckForValidListAndQueue
                0x080071e4       0x80 Middlewares\Third_Party\FreeRTOS\Source\timers.o
 .text.Reset_Handler
                0x08007264       0x50 startup\startup_stm32f407xx.o
                0x08007264                Reset_Handler
 .text.Default_Handler
                0x080072b4        0x2 startup\startup_stm32f407xx.o
                0x080072b4                RTC_Alarm_IRQHandler
                0x080072b4                HASH_RNG_IRQHandler
                0x080072b4                EXTI2_IRQHandler
                0x080072b4                TIM8_CC_IRQHandler
                0x080072b4                TIM1_CC_IRQHandler
                0x080072b4                DMA2_Stream5_IRQHandler
                0x080072b4                DMA1_Stream5_IRQHandler
                0x080072b4                PVD_IRQHandler
                0x080072b4                SDIO_IRQHandler
                0x080072b4                TAMP_STAMP_IRQHandler
                0x080072b4                CAN2_RX1_IRQHandler
                0x080072b4                EXTI3_IRQHandler
                0x080072b4                TIM8_TRG_COM_TIM14_IRQHandler
                0x080072b4                TIM1_UP_TIM10_IRQHandler
                0x080072b4                TIM8_UP_TIM13_IRQHandler
                0x080072b4                I2C3_ER_IRQHandler
                0x080072b4                EXTI0_IRQHandler
                0x080072b4                DMA1_Stream2_IRQHandler
                0x080072b4                CAN1_RX0_IRQHandler
                0x080072b4                FPU_IRQHandler
                0x080072b4                OTG_HS_WKUP_IRQHandler
                0x080072b4                CAN2_SCE_IRQHandler
                0x080072b4                DMA2_Stream2_IRQHandler
                0x080072b4                SPI1_IRQHandler
                0x080072b4                TIM6_DAC_IRQHandler
                0x080072b4                TIM1_BRK_TIM9_IRQHandler
                0x080072b4                DCMI_IRQHandler
                0x080072b4                CAN2_RX0_IRQHandler
                0x080072b4                DMA2_Stream3_IRQHandler
                0x080072b4                USART6_IRQHandler
                0x080072b4                CAN1_RX1_IRQHandler
                0x080072b4                UART5_IRQHandler
                0x080072b4                DMA2_Stream0_IRQHandler
                0x080072b4                TIM4_IRQHandler
                0x080072b4                I2C1_EV_IRQHandler
                0x080072b4                DMA1_Stream6_IRQHandler
                0x080072b4                DMA1_Stream1_IRQHandler
                0x080072b4                UART4_IRQHandler
                0x080072b4                TIM3_IRQHandler
                0x080072b4                RCC_IRQHandler
                0x080072b4                TIM8_BRK_TIM12_IRQHandler
                0x080072b4                Default_Handler
                0x080072b4                EXTI15_10_IRQHandler
                0x080072b4                ADC_IRQHandler
                0x080072b4                DMA1_Stream7_IRQHandler
                0x080072b4                TIM7_IRQHandler
                0x080072b4                CAN2_TX_IRQHandler
                0x080072b4                TIM5_IRQHandler
                0x080072b4                DMA2_Stream7_IRQHandler
                0x080072b4                I2C3_EV_IRQHandler
                0x080072b4                EXTI9_5_IRQHandler
                0x080072b4                RTC_WKUP_IRQHandler
                0x080072b4                ETH_WKUP_IRQHandler
                0x080072b4                SPI2_IRQHandler
                0x080072b4                OTG_HS_EP1_IN_IRQHandler
                0x080072b4                DMA1_Stream0_IRQHandler
                0x080072b4                CAN1_TX_IRQHandler
                0x080072b4                EXTI4_IRQHandler
                0x080072b4                FSMC_IRQHandler
                0x080072b4                ETH_IRQHandler
                0x080072b4                OTG_HS_EP1_OUT_IRQHandler
                0x080072b4                WWDG_IRQHandler
                0x080072b4                TIM2_IRQHandler
                0x080072b4                OTG_FS_WKUP_IRQHandler
                0x080072b4                TIM1_TRG_COM_TIM11_IRQHandler
                0x080072b4                OTG_HS_IRQHandler
                0x080072b4                EXTI1_IRQHandler
                0x080072b4                USART2_IRQHandler
                0x080072b4                DMA2_Stream1_IRQHandler
                0x080072b4                CAN1_SCE_IRQHandler
                0x080072b4                FLASH_IRQHandler
                0x080072b4                DMA2_Stream4_IRQHandler
                0x080072b4                USART1_IRQHandler
                0x080072b4                OTG_FS_IRQHandler
                0x080072b4                SPI3_IRQHandler
                0x080072b4                DMA1_Stream4_IRQHandler
                0x080072b4                I2C1_ER_IRQHandler
                0x080072b4                DMA2_Stream6_IRQHandler
                0x080072b4                DMA1_Stream3_IRQHandler
 *fill*         0x080072b6        0x2 
 .text.__errno  0x080072b8        0xc c:/program files (x86)/atollic/truestudio for stm32 9.3.0/armtools/bin/../lib/gcc/arm-atollic-eabi/6.3.1/../../../../arm-atollic-eabi/lib/armv7e-m/fpu\libc_nano.a(lib_a-errno.o)
                0x080072b8                __errno
 .text.__libc_init_array
                0x080072c4       0x48 c:/program files (x86)/atollic/truestudio for stm32 9.3.0/armtools/bin/../lib/gcc/arm-atollic-eabi/6.3.1/../../../../arm-atollic-eabi/lib/armv7e-m/fpu\libc_nano.a(lib_a-init.o)
                0x080072c4                __libc_init_array
 .text.memcpy   0x0800730c       0x16 c:/program files (x86)/atollic/truestudio for stm32 9.3.0/armtools/bin/../lib/gcc/arm-atollic-eabi/6.3.1/../../../../arm-atollic-eabi/lib/armv7e-m/fpu\libc_nano.a(lib_a-memcpy-stub.o)
                0x0800730c                memcpy
 .text.memset   0x08007322       0x10 c:/program files (x86)/atollic/truestudio for stm32 9.3.0/armtools/bin/../lib/gcc/arm-atollic-eabi/6.3.1/../../../../arm-atollic-eabi/lib/armv7e-m/fpu\libc_nano.a(lib_a-memset.o)
                0x08007322                memset
 *fill*         0x08007332        0x2 
 .text.printf   0x08007334       0x30 c:/program files (x86)/atollic/truestudio for stm32 9.3.0/armtools/bin/../lib/gcc/arm-atollic-eabi/6.3.1/../../../../arm-atollic-eabi/lib/armv7e-m/fpu\libc_nano.a(lib_a-printf.o)
                0x08007334                iprintf
                0x08007334                printf
 .text._cleanup_r
                0x08007364        0xc c:/program files (x86)/atollic/truestudio for stm32 9.3.0/armtools/bin/../lib/gcc/arm-atollic-eabi/6.3.1/../../../../arm-atollic-eabi/lib/armv7e-m/fpu\libc_nano.a(lib_a-findfp.o)
                0x08007364                _cleanup_r
 .text.std.isra.0
                0x08007370       0x48 c:/program files (x86)/atollic/truestudio for stm32 9.3.0/armtools/bin/../lib/gcc/arm-atollic-eabi/6.3.1/../../../../arm-atollic-eabi/lib/armv7e-m/fpu\libc_nano.a(lib_a-findfp.o)
 .text.__sfmoreglue
                0x080073b8       0x2c c:/program files (x86)/atollic/truestudio for stm32 9.3.0/armtools/bin/../lib/gcc/arm-atollic-eabi/6.3.1/../../../../arm-atollic-eabi/lib/armv7e-m/fpu\libc_nano.a(lib_a-findfp.o)
                0x080073b8                __sfmoreglue
 .text.__sinit  0x080073e4       0x60 c:/program files (x86)/atollic/truestudio for stm32 9.3.0/armtools/bin/../lib/gcc/arm-atollic-eabi/6.3.1/../../../../arm-atollic-eabi/lib/armv7e-m/fpu\libc_nano.a(lib_a-findfp.o)
                0x080073e4                __sinit
 .text.__sfp    0x08007444       0x78 c:/program files (x86)/atollic/truestudio for stm32 9.3.0/armtools/bin/../lib/gcc/arm-atollic-eabi/6.3.1/../../../../arm-atollic-eabi/lib/armv7e-m/fpu\libc_nano.a(lib_a-findfp.o)
                0x08007444                __sfp
 .text._fwalk_reent
                0x080074bc       0x3c c:/program files (x86)/atollic/truestudio for stm32 9.3.0/armtools/bin/../lib/gcc/arm-atollic-eabi/6.3.1/../../../../arm-atollic-eabi/lib/armv7e-m/fpu\libc_nano.a(lib_a-fwalk.o)
                0x080074bc                _fwalk_reent
 .text._malloc_r
                0x080074f8       0xbc c:/program files (x86)/atollic/truestudio for stm32 9.3.0/armtools/bin/../lib/gcc/arm-atollic-eabi/6.3.1/../../../../arm-atollic-eabi/lib/armv7e-m/fpu\libc_nano.a(lib_a-nano-mallocr.o)
                0x080074f8                _malloc_r
 .text.__sfputc_r
                0x080075b4       0x30 c:/program files (x86)/atollic/truestudio for stm32 9.3.0/armtools/bin/../lib/gcc/arm-atollic-eabi/6.3.1/../../../../arm-atollic-eabi/lib/armv7e-m/fpu\libc_nano.a(lib_a-nano-vfprintf.o)
 .text.__sfputs_r
                0x080075e4       0x24 c:/program files (x86)/atollic/truestudio for stm32 9.3.0/armtools/bin/../lib/gcc/arm-atollic-eabi/6.3.1/../../../../arm-atollic-eabi/lib/armv7e-m/fpu\libc_nano.a(lib_a-nano-vfprintf.o)
                0x080075e4                __sfputs_r
 .text._vfprintf_r
                0x08007608      0x22c c:/program files (x86)/atollic/truestudio for stm32 9.3.0/armtools/bin/../lib/gcc/arm-atollic-eabi/6.3.1/../../../../arm-atollic-eabi/lib/armv7e-m/fpu\libc_nano.a(lib_a-nano-vfprintf.o)
                0x08007608                _vfprintf_r
                0x08007608                _vfiprintf_r
 .text._printf_common
                0x08007834       0xec c:/program files (x86)/atollic/truestudio for stm32 9.3.0/armtools/bin/../lib/gcc/arm-atollic-eabi/6.3.1/../../../../arm-atollic-eabi/lib/armv7e-m/fpu\libc_nano.a(lib_a-nano-vfprintf_i.o)
                0x08007834                _printf_common
 .text._printf_i
                0x08007920      0x240 c:/program files (x86)/atollic/truestudio for stm32 9.3.0/armtools/bin/../lib/gcc/arm-atollic-eabi/6.3.1/../../../../arm-atollic-eabi/lib/armv7e-m/fpu\libc_nano.a(lib_a-nano-vfprintf_i.o)
                0x08007920                _printf_i
 .text._sbrk_r  0x08007b60       0x20 c:/program files (x86)/atollic/truestudio for stm32 9.3.0/armtools/bin/../lib/gcc/arm-atollic-eabi/6.3.1/../../../../arm-atollic-eabi/lib/armv7e-m/fpu\libc_nano.a(lib_a-sbrkr.o)
                0x08007b60                _sbrk_r
 .text.__sread  0x08007b80       0x22 c:/program files (x86)/atollic/truestudio for stm32 9.3.0/armtools/bin/../lib/gcc/arm-atollic-eabi/6.3.1/../../../../arm-atollic-eabi/lib/armv7e-m/fpu\libc_nano.a(lib_a-stdio.o)
                0x08007b80                __sread
 .text.__swrite
                0x08007ba2       0x38 c:/program files (x86)/atollic/truestudio for stm32 9.3.0/armtools/bin/../lib/gcc/arm-atollic-eabi/6.3.1/../../../../arm-atollic-eabi/lib/armv7e-m/fpu\libc_nano.a(lib_a-stdio.o)
                0x08007ba2                __swrite
 .text.__sseek  0x08007bda       0x24 c:/program files (x86)/atollic/truestudio for stm32 9.3.0/armtools/bin/../lib/gcc/arm-atollic-eabi/6.3.1/../../../../arm-atollic-eabi/lib/armv7e-m/fpu\libc_nano.a(lib_a-stdio.o)
                0x08007bda                __sseek
 .text.__sclose
                0x08007bfe        0x8 c:/program files (x86)/atollic/truestudio for stm32 9.3.0/armtools/bin/../lib/gcc/arm-atollic-eabi/6.3.1/../../../../arm-atollic-eabi/lib/armv7e-m/fpu\libc_nano.a(lib_a-stdio.o)
                0x08007bfe                __sclose
 *fill*         0x08007c06        0x2 
 .text.__swbuf_r
                0x08007c08       0xa4 c:/program files (x86)/atollic/truestudio for stm32 9.3.0/armtools/bin/../lib/gcc/arm-atollic-eabi/6.3.1/../../../../arm-atollic-eabi/lib/armv7e-m/fpu\libc_nano.a(lib_a-wbuf.o)
                0x08007c08                __swbuf_r
 .text._write_r
                0x08007cac       0x24 c:/program files (x86)/atollic/truestudio for stm32 9.3.0/armtools/bin/../lib/gcc/arm-atollic-eabi/6.3.1/../../../../arm-atollic-eabi/lib/armv7e-m/fpu\libc_nano.a(lib_a-writer.o)
                0x08007cac                _write_r
 .text.__swsetup_r
                0x08007cd0       0xdc c:/program files (x86)/atollic/truestudio for stm32 9.3.0/armtools/bin/../lib/gcc/arm-atollic-eabi/6.3.1/../../../../arm-atollic-eabi/lib/armv7e-m/fpu\libc_nano.a(lib_a-wsetup.o)
                0x08007cd0                __swsetup_r
 .text._close_r
                0x08007dac       0x20 c:/program files (x86)/atollic/truestudio for stm32 9.3.0/armtools/bin/../lib/gcc/arm-atollic-eabi/6.3.1/../../../../arm-atollic-eabi/lib/armv7e-m/fpu\libc_nano.a(lib_a-closer.o)
                0x08007dac                _close_r
 .text.__sflush_r
                0x08007dcc      0x110 c:/program files (x86)/atollic/truestudio for stm32 9.3.0/armtools/bin/../lib/gcc/arm-atollic-eabi/6.3.1/../../../../arm-atollic-eabi/lib/armv7e-m/fpu\libc_nano.a(lib_a-fflush.o)
                0x08007dcc                __sflush_r
 .text._fflush_r
                0x08007edc       0x54 c:/program files (x86)/atollic/truestudio for stm32 9.3.0/armtools/bin/../lib/gcc/arm-atollic-eabi/6.3.1/../../../../arm-atollic-eabi/lib/armv7e-m/fpu\libc_nano.a(lib_a-fflush.o)
                0x08007edc                _fflush_r
 .text._lseek_r
                0x08007f30       0x24 c:/program files (x86)/atollic/truestudio for stm32 9.3.0/armtools/bin/../lib/gcc/arm-atollic-eabi/6.3.1/../../../../arm-atollic-eabi/lib/armv7e-m/fpu\libc_nano.a(lib_a-lseekr.o)
                0x08007f30                _lseek_r
 .text.__swhatbuf_r
                0x08007f54       0x48 c:/program files (x86)/atollic/truestudio for stm32 9.3.0/armtools/bin/../lib/gcc/arm-atollic-eabi/6.3.1/../../../../arm-atollic-eabi/lib/armv7e-m/fpu\libc_nano.a(lib_a-makebuf.o)
                0x08007f54                __swhatbuf_r
 .text.__smakebuf_r
                0x08007f9c       0x80 c:/program files (x86)/atollic/truestudio for stm32 9.3.0/armtools/bin/../lib/gcc/arm-atollic-eabi/6.3.1/../../../../arm-atollic-eabi/lib/armv7e-m/fpu\libc_nano.a(lib_a-makebuf.o)
                0x08007f9c                __smakebuf_r
 .text.__malloc_lock
                0x0800801c        0x2 c:/program files (x86)/atollic/truestudio for stm32 9.3.0/armtools/bin/../lib/gcc/arm-atollic-eabi/6.3.1/../../../../arm-atollic-eabi/lib/armv7e-m/fpu\libc_nano.a(lib_a-mlock.o)
                0x0800801c                __malloc_lock
 .text.__malloc_unlock
                0x0800801e        0x2 c:/program files (x86)/atollic/truestudio for stm32 9.3.0/armtools/bin/../lib/gcc/arm-atollic-eabi/6.3.1/../../../../arm-atollic-eabi/lib/armv7e-m/fpu\libc_nano.a(lib_a-mlock.o)
                0x0800801e                __malloc_unlock
 .text._free_r  0x08008020       0x9c c:/program files (x86)/atollic/truestudio for stm32 9.3.0/armtools/bin/../lib/gcc/arm-atollic-eabi/6.3.1/../../../../arm-atollic-eabi/lib/armv7e-m/fpu\libc_nano.a(lib_a-nano-freer.o)
                0x08008020                _free_r
 .text._read_r  0x080080bc       0x24 c:/program files (x86)/atollic/truestudio for stm32 9.3.0/armtools/bin/../lib/gcc/arm-atollic-eabi/6.3.1/../../../../arm-atollic-eabi/lib/armv7e-m/fpu\libc_nano.a(lib_a-readr.o)
                0x080080bc                _read_r
 .text._fstat_r
                0x080080e0       0x24 c:/program files (x86)/atollic/truestudio for stm32 9.3.0/armtools/bin/../lib/gcc/arm-atollic-eabi/6.3.1/../../../../arm-atollic-eabi/lib/armv7e-m/fpu\libc_nano.a(lib_a-fstatr.o)
                0x080080e0                _fstat_r
 .text._isatty_r
                0x08008104       0x20 c:/program files (x86)/atollic/truestudio for stm32 9.3.0/armtools/bin/../lib/gcc/arm-atollic-eabi/6.3.1/../../../../arm-atollic-eabi/lib/armv7e-m/fpu\libc_nano.a(lib_a-isattyr.o)
                0x08008104                _isatty_r
 *(.glue_7)
 .glue_7        0x08008124        0x0 linker stubs
 *(.glue_7t)
 .glue_7t       0x08008124        0x0 linker stubs
 *(.eh_frame)
 .eh_frame      0x08008124        0x0 c:/program files (x86)/atollic/truestudio for stm32 9.3.0/armtools/bin/../lib/gcc/arm-atollic-eabi/6.3.1/armv7e-m/fpu/crtbegin.o
 *(.init)
 .init          0x08008124        0x4 c:/program files (x86)/atollic/truestudio for stm32 9.3.0/armtools/bin/../lib/gcc/arm-atollic-eabi/6.3.1/armv7e-m/fpu/crti.o
                0x08008124                _init
 .init          0x08008128        0x8 c:/program files (x86)/atollic/truestudio for stm32 9.3.0/armtools/bin/../lib/gcc/arm-atollic-eabi/6.3.1/armv7e-m/fpu/crtn.o
 *(.fini)
 .fini          0x08008130        0x4 c:/program files (x86)/atollic/truestudio for stm32 9.3.0/armtools/bin/../lib/gcc/arm-atollic-eabi/6.3.1/armv7e-m/fpu/crti.o
                0x08008130                _fini
 .fini          0x08008134        0x8 c:/program files (x86)/atollic/truestudio for stm32 9.3.0/armtools/bin/../lib/gcc/arm-atollic-eabi/6.3.1/armv7e-m/fpu/crtn.o
                0x0800813c                . = ALIGN (0x4)
                0x0800813c                _etext = .

.vfp11_veneer   0x0800813c        0x0
 .vfp11_veneer  0x0800813c        0x0 linker stubs

.v4_bx          0x0800813c        0x0
 .v4_bx         0x0800813c        0x0 linker stubs

.iplt           0x0800813c        0x0
 .iplt          0x0800813c        0x0 c:/program files (x86)/atollic/truestudio for stm32 9.3.0/armtools/bin/../lib/gcc/arm-atollic-eabi/6.3.1/armv7e-m/fpu/crtbegin.o

.rodata         0x0800813c      0x1f4
                0x0800813c                . = ALIGN (0x4)
 *(.rodata)
 .rodata        0x0800813c       0x29 Core\Src\freertos.o
 *fill*         0x08008165        0x3 
 .rodata        0x08008168       0xa3 Core\Src\main.o
 *fill*         0x0800820b        0x1 
 .rodata        0x0800820c        0x5 Middlewares\Third_Party\FreeRTOS\Source\tasks.o
 *fill*         0x08008211        0x3 
 .rodata        0x08008214        0xd Middlewares\Third_Party\FreeRTOS\Source\timers.o
 *(.rodata*)
 *fill*         0x08008221        0x3 
 .rodata.defaultTask_attributes
                0x08008224       0x24 Core\Src\freertos.o
                0x08008224                defaultTask_attributes
 .rodata.myMtxUart3Tx_attributes
                0x08008248       0x10 Core\Src\freertos.o
                0x08008248                myMtxUart3Tx_attributes
 .rodata.myMtxUart3Rx_attributes
                0x08008258       0x10 Core\Src\freertos.o
                0x08008258                myMtxUart3Rx_attributes
 .rodata.__FUNCTION__.8445
                0x08008268       0x17 Core\Src\main.o
 *fill*         0x0800827f        0x1 
 .rodata.AHBPrescTable
                0x08008280       0x10 Core\Src\system_stm32f4xx.o
                0x08008280                AHBPrescTable
 .rodata.APBPrescTable
                0x08008290        0x8 Core\Src\system_stm32f4xx.o
                0x08008290                APBPrescTable
 .rodata._global_impure_ptr
                0x08008298        0x4 c:/program files (x86)/atollic/truestudio for stm32 9.3.0/armtools/bin/../lib/gcc/arm-atollic-eabi/6.3.1/../../../../arm-atollic-eabi/lib/armv7e-m/fpu\libc_nano.a(lib_a-impure.o)
                0x08008298                _global_impure_ptr
 .rodata.__sf_fake_stderr
                0x0800829c       0x20 c:/program files (x86)/atollic/truestudio for stm32 9.3.0/armtools/bin/../lib/gcc/arm-atollic-eabi/6.3.1/../../../../arm-atollic-eabi/lib/armv7e-m/fpu\libc_nano.a(lib_a-findfp.o)
                0x0800829c                __sf_fake_stderr
 .rodata.__sf_fake_stdin
                0x080082bc       0x20 c:/program files (x86)/atollic/truestudio for stm32 9.3.0/armtools/bin/../lib/gcc/arm-atollic-eabi/6.3.1/../../../../arm-atollic-eabi/lib/armv7e-m/fpu\libc_nano.a(lib_a-findfp.o)
                0x080082bc                __sf_fake_stdin
 .rodata.__sf_fake_stdout
                0x080082dc       0x20 c:/program files (x86)/atollic/truestudio for stm32 9.3.0/armtools/bin/../lib/gcc/arm-atollic-eabi/6.3.1/../../../../arm-atollic-eabi/lib/armv7e-m/fpu\libc_nano.a(lib_a-findfp.o)
                0x080082dc                __sf_fake_stdout
 .rodata._vfprintf_r.str1.1
                0x080082fc       0x11 c:/program files (x86)/atollic/truestudio for stm32 9.3.0/armtools/bin/../lib/gcc/arm-atollic-eabi/6.3.1/../../../../arm-atollic-eabi/lib/armv7e-m/fpu\libc_nano.a(lib_a-nano-vfprintf.o)
 .rodata._printf_i.str1.1
                0x0800830d       0x22 c:/program files (x86)/atollic/truestudio for stm32 9.3.0/armtools/bin/../lib/gcc/arm-atollic-eabi/6.3.1/../../../../arm-atollic-eabi/lib/armv7e-m/fpu\libc_nano.a(lib_a-nano-vfprintf_i.o)
                0x08008330                . = ALIGN (0x4)
 *fill*         0x0800832f        0x1 

.ARM.extab
 *(.ARM.extab* .gnu.linkonce.armextab.*)

.ARM            0x08008330        0x8
                0x08008330                __exidx_start = .
 *(.ARM.exidx*)
 .ARM.exidx     0x08008330        0x8 c:/program files (x86)/atollic/truestudio for stm32 9.3.0/armtools/bin/../lib/gcc/arm-atollic-eabi/6.3.1/armv7e-m/fpu\libgcc.a(_udivmoddi4.o)
                0x08008338                __exidx_end = .

.rel.dyn        0x08008338        0x0
 .rel.iplt      0x08008338        0x0 c:/program files (x86)/atollic/truestudio for stm32 9.3.0/armtools/bin/../lib/gcc/arm-atollic-eabi/6.3.1/armv7e-m/fpu/crtbegin.o

.preinit_array  0x08008338        0x0
                0x08008338                PROVIDE (__preinit_array_start, .)
 *(.preinit_array*)
                0x08008338                PROVIDE (__preinit_array_end, .)

.init_array     0x08008338        0x4
                0x08008338                PROVIDE (__init_array_start, .)
 *(SORT(.init_array.*))
 *(.init_array*)
 .init_array    0x08008338        0x4 c:/program files (x86)/atollic/truestudio for stm32 9.3.0/armtools/bin/../lib/gcc/arm-atollic-eabi/6.3.1/armv7e-m/fpu/crtbegin.o
                0x0800833c                PROVIDE (__init_array_end, .)

.fini_array     0x0800833c        0x4
                [!provide]                PROVIDE (__fini_array_start, .)
 *(SORT(.fini_array.*))
 *(.fini_array*)
 .fini_array    0x0800833c        0x4 c:/program files (x86)/atollic/truestudio for stm32 9.3.0/armtools/bin/../lib/gcc/arm-atollic-eabi/6.3.1/armv7e-m/fpu/crtbegin.o
                [!provide]                PROVIDE (__fini_array_end, .)
                0x08008340                _sidata = LOADADDR (.data)

.data           0x20000000       0x78 load address 0x08008340
                0x20000000                . = ALIGN (0x4)
                0x20000000                _sdata = .
 *(.data)
 *(.data*)
 .data.taskRxName
                0x20000000        0x4 Core\Src\main.o
                0x20000000                taskRxName
 .data.SystemCoreClock
                0x20000004        0x4 Core\Src\system_stm32f4xx.o
                0x20000004                SystemCoreClock
 .data.uwTickPrio
                0x20000008        0x4 Drivers\STM32F4xx_HAL_Driver\Src\stm32f4xx_hal.o
                0x20000008                uwTickPrio
 .data.uwTickFreq
                0x2000000c        0x1 Drivers\STM32F4xx_HAL_Driver\Src\stm32f4xx_hal.o
                0x2000000c                uwTickFreq
 *fill*         0x2000000d        0x3 
 .data.uxCriticalNesting
                0x20000010        0x4 Middlewares\Third_Party\FreeRTOS\Source\portable\GCC\ARM_CM4F\port.o
 .data._impure_ptr
                0x20000014        0x4 c:/program files (x86)/atollic/truestudio for stm32 9.3.0/armtools/bin/../lib/gcc/arm-atollic-eabi/6.3.1/../../../../arm-atollic-eabi/lib/armv7e-m/fpu\libc_nano.a(lib_a-impure.o)
                0x20000014                _impure_ptr
 .data.impure_data
                0x20000018       0x60 c:/program files (x86)/atollic/truestudio for stm32 9.3.0/armtools/bin/../lib/gcc/arm-atollic-eabi/6.3.1/../../../../arm-atollic-eabi/lib/armv7e-m/fpu\libc_nano.a(lib_a-impure.o)
                0x20000078                . = ALIGN (0x4)
                0x20000078                _edata = .
                0x080083b8                _siccmram = LOADADDR (.ccmram)

.igot.plt       0x20000078        0x0 load address 0x080083b8
 .igot.plt      0x20000078        0x0 c:/program files (x86)/atollic/truestudio for stm32 9.3.0/armtools/bin/../lib/gcc/arm-atollic-eabi/6.3.1/armv7e-m/fpu/crtbegin.o

.ccmram         0x10000000        0x0 load address 0x080083b8
                0x10000000                . = ALIGN (0x4)
                0x10000000                _sccmram = .
 *(.ccmram)
 *(.ccmram*)
                0x10000000                . = ALIGN (0x4)
                0x10000000                _eccmram = .
                0x10000000                . = ALIGN (0x4)

.bss            0x20000078     0x4b38
                0x20000078                _sbss = .
                0x20000078                __bss_start__ = _sbss
 *(.bss)
 .bss           0x20000078       0x1c c:/program files (x86)/atollic/truestudio for stm32 9.3.0/armtools/bin/../lib/gcc/arm-atollic-eabi/6.3.1/armv7e-m/fpu/crtbegin.o
 *(.bss*)
 .bss.rcvBuf    0x20000094       0x80 Core\Src\main.o
                0x20000094                rcvBuf
 .bss.sndBuf    0x20000114       0x80 Core\Src\main.o
                0x20000114                sndBuf
 .bss.heap_end.7010
                0x20000194        0x4 Core\Src\syscalls.o
 .bss.KernelState
                0x20000198        0x4 Middlewares\Third_Party\FreeRTOS\Source\CMSIS_RTOS_V2\cmsis_os2.o
 .bss.Idle_TCB  0x2000019c       0x5c Middlewares\Third_Party\FreeRTOS\Source\CMSIS_RTOS_V2\cmsis_os2.o
 .bss.Idle_Stack
                0x200001f8      0x200 Middlewares\Third_Party\FreeRTOS\Source\CMSIS_RTOS_V2\cmsis_os2.o
 .bss.Timer_TCB
                0x200003f8       0x5c Middlewares\Third_Party\FreeRTOS\Source\CMSIS_RTOS_V2\cmsis_os2.o
 .bss.Timer_Stack
                0x20000454      0x400 Middlewares\Third_Party\FreeRTOS\Source\CMSIS_RTOS_V2\cmsis_os2.o
 .bss.ucMaxSysCallPriority
                0x20000854        0x1 Middlewares\Third_Party\FreeRTOS\Source\portable\GCC\ARM_CM4F\port.o
 *fill*         0x20000855        0x3 
 .bss.ulMaxPRIGROUPValue
                0x20000858        0x4 Middlewares\Third_Party\FreeRTOS\Source\portable\GCC\ARM_CM4F\port.o
 .bss.ucHeap    0x2000085c     0x3c00 Middlewares\Third_Party\FreeRTOS\Source\portable\MemMang\heap_4.o
 .bss.xStart    0x2000445c        0x8 Middlewares\Third_Party\FreeRTOS\Source\portable\MemMang\heap_4.o
 .bss.pxEnd     0x20004464        0x4 Middlewares\Third_Party\FreeRTOS\Source\portable\MemMang\heap_4.o
 .bss.xFreeBytesRemaining
                0x20004468        0x4 Middlewares\Third_Party\FreeRTOS\Source\portable\MemMang\heap_4.o
 .bss.xMinimumEverFreeBytesRemaining
                0x2000446c        0x4 Middlewares\Third_Party\FreeRTOS\Source\portable\MemMang\heap_4.o
 .bss.xBlockAllocatedBit
                0x20004470        0x4 Middlewares\Third_Party\FreeRTOS\Source\portable\MemMang\heap_4.o
 .bss.pxCurrentTCB
                0x20004474        0x4 Middlewares\Third_Party\FreeRTOS\Source\tasks.o
                0x20004474                pxCurrentTCB
 .bss.pxReadyTasksLists
                0x20004478      0x460 Middlewares\Third_Party\FreeRTOS\Source\tasks.o
 .bss.xDelayedTaskList1
                0x200048d8       0x14 Middlewares\Third_Party\FreeRTOS\Source\tasks.o
 .bss.xDelayedTaskList2
                0x200048ec       0x14 Middlewares\Third_Party\FreeRTOS\Source\tasks.o
 .bss.pxDelayedTaskList
                0x20004900        0x4 Middlewares\Third_Party\FreeRTOS\Source\tasks.o
 .bss.pxOverflowDelayedTaskList
                0x20004904        0x4 Middlewares\Third_Party\FreeRTOS\Source\tasks.o
 .bss.xPendingReadyList
                0x20004908       0x14 Middlewares\Third_Party\FreeRTOS\Source\tasks.o
 .bss.xTasksWaitingTermination
                0x2000491c       0x14 Middlewares\Third_Party\FreeRTOS\Source\tasks.o
 .bss.uxDeletedTasksWaitingCleanUp
                0x20004930        0x4 Middlewares\Third_Party\FreeRTOS\Source\tasks.o
 .bss.xSuspendedTaskList
                0x20004934       0x14 Middlewares\Third_Party\FreeRTOS\Source\tasks.o
 .bss.uxCurrentNumberOfTasks
                0x20004948        0x4 Middlewares\Third_Party\FreeRTOS\Source\tasks.o
 .bss.xTickCount
                0x2000494c        0x4 Middlewares\Third_Party\FreeRTOS\Source\tasks.o
 .bss.uxTopReadyPriority
                0x20004950        0x4 Middlewares\Third_Party\FreeRTOS\Source\tasks.o
 .bss.xSchedulerRunning
                0x20004954        0x4 Middlewares\Third_Party\FreeRTOS\Source\tasks.o
 .bss.uxPendedTicks
                0x20004958        0x4 Middlewares\Third_Party\FreeRTOS\Source\tasks.o
 .bss.xYieldPending
                0x2000495c        0x4 Middlewares\Third_Party\FreeRTOS\Source\tasks.o
 .bss.xNumOfOverflows
                0x20004960        0x4 Middlewares\Third_Party\FreeRTOS\Source\tasks.o
 .bss.uxTaskNumber
                0x20004964        0x4 Middlewares\Third_Party\FreeRTOS\Source\tasks.o
 .bss.xNextTaskUnblockTime
                0x20004968        0x4 Middlewares\Third_Party\FreeRTOS\Source\tasks.o
 .bss.xIdleTaskHandle
                0x2000496c        0x4 Middlewares\Third_Party\FreeRTOS\Source\tasks.o
 .bss.uxSchedulerSuspended
                0x20004970        0x4 Middlewares\Third_Party\FreeRTOS\Source\tasks.o
 .bss.xActiveTimerList1
                0x20004974       0x14 Middlewares\Third_Party\FreeRTOS\Source\timers.o
 .bss.xActiveTimerList2
                0x20004988       0x14 Middlewares\Third_Party\FreeRTOS\Source\timers.o
 .bss.pxCurrentTimerList
                0x2000499c        0x4 Middlewares\Third_Party\FreeRTOS\Source\timers.o
 .bss.pxOverflowTimerList
                0x200049a0        0x4 Middlewares\Third_Party\FreeRTOS\Source\timers.o
 .bss.xTimerQueue
                0x200049a4        0x4 Middlewares\Third_Party\FreeRTOS\Source\timers.o
 .bss.xTimerTaskHandle
                0x200049a8        0x4 Middlewares\Third_Party\FreeRTOS\Source\timers.o
 .bss.xLastTime.6601
                0x200049ac        0x4 Middlewares\Third_Party\FreeRTOS\Source\timers.o
 .bss.ucStaticTimerQueueStorage.6652
                0x200049b0       0xa0 Middlewares\Third_Party\FreeRTOS\Source\timers.o
 .bss.xStaticTimerQueue.6651
                0x20004a50       0x50 Middlewares\Third_Party\FreeRTOS\Source\timers.o
 .bss.__malloc_free_list
                0x20004aa0        0x4 c:/program files (x86)/atollic/truestudio for stm32 9.3.0/armtools/bin/../lib/gcc/arm-atollic-eabi/6.3.1/../../../../arm-atollic-eabi/lib/armv7e-m/fpu\libc_nano.a(lib_a-nano-mallocr.o)
                0x20004aa0                __malloc_free_list
 .bss.__malloc_sbrk_start
                0x20004aa4        0x4 c:/program files (x86)/atollic/truestudio for stm32 9.3.0/armtools/bin/../lib/gcc/arm-atollic-eabi/6.3.1/../../../../arm-atollic-eabi/lib/armv7e-m/fpu\libc_nano.a(lib_a-nano-mallocr.o)
                0x20004aa4                __malloc_sbrk_start
 *(COMMON)
 COMMON         0x20004aa8        0xc Core\Src\freertos.o
                0x20004aa8                defaultTaskHandle
                0x20004aac                myMtxUart3TxHandle
                0x20004ab0                myMtxUart3RxHandle
 COMMON         0x20004ab4       0x54 Core\Src\i2c.o
                0x20004ab4                hi2c2
 COMMON         0x20004b08       0x20 Core\Src\main.o
                0x20004b08                sndStart
                0x20004b0c                hTaskUsart3Tx
                0x20004b10                hTaskUsart3Rx
                0x20004b14                toSndCnt
                0x20004b18                rcvEnd
                0x20004b1c                rcvStart
                0x20004b20                rcvCnt
                0x20004b24                sndEnd
 COMMON         0x20004b28       0x40 Core\Src\usart.o
                0x20004b28                huart3
 COMMON         0x20004b68        0x4 Drivers\STM32F4xx_HAL_Driver\Src\stm32f4xx_hal.o
                0x20004b68                uwTick
 COMMON         0x20004b6c       0x40 Middlewares\Third_Party\FreeRTOS\Source\queue.o
                0x20004b6c                xQueueRegistry
 COMMON         0x20004bac        0x4 c:/program files (x86)/atollic/truestudio for stm32 9.3.0/armtools/bin/../lib/gcc/arm-atollic-eabi/6.3.1/../../../../arm-atollic-eabi/lib/armv7e-m/fpu\libc_nano.a(lib_a-reent.o)
                0x20004bac                errno
                0x20004bb0                . = ALIGN (0x4)
                0x20004bb0                _ebss = .
                0x20004bb0                __bss_end__ = _ebss

._user_heap_stack
                0x20004bb0      0x600
                0x20004bb0                . = ALIGN (0x4)
                0x20004bb0                PROVIDE (end, .)
                [!provide]                PROVIDE (_end, .)
                0x20004db0                . = (. + _Min_Heap_Size)
 *fill*         0x20004bb0      0x200 
                0x200051b0                . = (. + _Min_Stack_Size)
 *fill*         0x20004db0      0x400 
                0x200051b0                . = ALIGN (0x4)

/DISCARD/
 libc.a(*)
 libm.a(*)
 libgcc.a(*)

.ARM.attributes
                0x00000000       0x30
 *(.ARM.attributes)
 .ARM.attributes
                0x00000000       0x22 c:/program files (x86)/atollic/truestudio for stm32 9.3.0/armtools/bin/../lib/gcc/arm-atollic-eabi/6.3.1/armv7e-m/fpu/crti.o
 .ARM.attributes
                0x00000022       0x34 c:/program files (x86)/atollic/truestudio for stm32 9.3.0/armtools/bin/../lib/gcc/arm-atollic-eabi/6.3.1/armv7e-m/fpu/crtbegin.o
 .ARM.attributes
                0x00000056       0x39 Core\Src\freertos.o
 .ARM.attributes
                0x0000008f       0x39 Core\Src\gpio.o
 .ARM.attributes
                0x000000c8       0x39 Core\Src\i2c.o
 .ARM.attributes
                0x00000101       0x39 Core\Src\main.o
 .ARM.attributes
                0x0000013a       0x39 Core\Src\stm32f4xx_hal_msp.o
 .ARM.attributes
                0x00000173       0x39 Core\Src\stm32f4xx_it.o
 .ARM.attributes
                0x000001ac       0x39 Core\Src\syscalls.o
 .ARM.attributes
                0x000001e5       0x39 Core\Src\system_stm32f4xx.o
 .ARM.attributes
                0x0000021e       0x39 Core\Src\usart.o
 .ARM.attributes
                0x00000257       0x39 Drivers\STM32F4xx_HAL_Driver\Src\stm32f4xx_hal.o
 .ARM.attributes
                0x00000290       0x39 Drivers\STM32F4xx_HAL_Driver\Src\stm32f4xx_hal_cortex.o
 .ARM.attributes
                0x000002c9       0x39 Drivers\STM32F4xx_HAL_Driver\Src\stm32f4xx_hal_dma.o
 .ARM.attributes
                0x00000302       0x39 Drivers\STM32F4xx_HAL_Driver\Src\stm32f4xx_hal_gpio.o
 .ARM.attributes
                0x0000033b       0x39 Drivers\STM32F4xx_HAL_Driver\Src\stm32f4xx_hal_i2c.o
 .ARM.attributes
                0x00000374       0x39 Drivers\STM32F4xx_HAL_Driver\Src\stm32f4xx_hal_rcc.o
 .ARM.attributes
                0x000003ad       0x39 Drivers\STM32F4xx_HAL_Driver\Src\stm32f4xx_hal_uart.o
 .ARM.attributes
                0x000003e6       0x39 Middlewares\Third_Party\FreeRTOS\Source\CMSIS_RTOS_V2\cmsis_os2.o
 .ARM.attributes
                0x0000041f       0x39 Middlewares\Third_Party\FreeRTOS\Source\list.o
 .ARM.attributes
                0x00000458       0x39 Middlewares\Third_Party\FreeRTOS\Source\portable\GCC\ARM_CM4F\port.o
 .ARM.attributes
                0x00000491       0x39 Middlewares\Third_Party\FreeRTOS\Source\portable\MemMang\heap_4.o
 .ARM.attributes
                0x000004ca       0x39 Middlewares\Third_Party\FreeRTOS\Source\queue.o
 .ARM.attributes
                0x00000503       0x39 Middlewares\Third_Party\FreeRTOS\Source\tasks.o
 .ARM.attributes
                0x0000053c       0x39 Middlewares\Third_Party\FreeRTOS\Source\timers.o
 .ARM.attributes
                0x00000575       0x21 startup\startup_stm32f407xx.o
 .ARM.attributes
                0x00000596       0x34 c:/program files (x86)/atollic/truestudio for stm32 9.3.0/armtools/bin/../lib/gcc/arm-atollic-eabi/6.3.1/../../../../arm-atollic-eabi/lib/armv7e-m/fpu\libc_nano.a(lib_a-errno.o)
 .ARM.attributes
                0x000005ca       0x34 c:/program files (x86)/atollic/truestudio for stm32 9.3.0/armtools/bin/../lib/gcc/arm-atollic-eabi/6.3.1/../../../../arm-atollic-eabi/lib/armv7e-m/fpu\libc_nano.a(lib_a-impure.o)
 .ARM.attributes
                0x000005fe       0x34 c:/program files (x86)/atollic/truestudio for stm32 9.3.0/armtools/bin/../lib/gcc/arm-atollic-eabi/6.3.1/../../../../arm-atollic-eabi/lib/armv7e-m/fpu\libc_nano.a(lib_a-init.o)
 .ARM.attributes
                0x00000632       0x34 c:/program files (x86)/atollic/truestudio for stm32 9.3.0/armtools/bin/../lib/gcc/arm-atollic-eabi/6.3.1/../../../../arm-atollic-eabi/lib/armv7e-m/fpu\libc_nano.a(lib_a-memcpy-stub.o)
 .ARM.attributes
                0x00000666       0x34 c:/program files (x86)/atollic/truestudio for stm32 9.3.0/armtools/bin/../lib/gcc/arm-atollic-eabi/6.3.1/../../../../arm-atollic-eabi/lib/armv7e-m/fpu\libc_nano.a(lib_a-memset.o)
 .ARM.attributes
                0x0000069a       0x34 c:/program files (x86)/atollic/truestudio for stm32 9.3.0/armtools/bin/../lib/gcc/arm-atollic-eabi/6.3.1/../../../../arm-atollic-eabi/lib/armv7e-m/fpu\libc_nano.a(lib_a-printf.o)
 .ARM.attributes
                0x000006ce       0x34 c:/program files (x86)/atollic/truestudio for stm32 9.3.0/armtools/bin/../lib/gcc/arm-atollic-eabi/6.3.1/../../../../arm-atollic-eabi/lib/armv7e-m/fpu\libc_nano.a(lib_a-findfp.o)
 .ARM.attributes
                0x00000702       0x34 c:/program files (x86)/atollic/truestudio for stm32 9.3.0/armtools/bin/../lib/gcc/arm-atollic-eabi/6.3.1/../../../../arm-atollic-eabi/lib/armv7e-m/fpu\libc_nano.a(lib_a-fwalk.o)
 .ARM.attributes
                0x00000736       0x34 c:/program files (x86)/atollic/truestudio for stm32 9.3.0/armtools/bin/../lib/gcc/arm-atollic-eabi/6.3.1/../../../../arm-atollic-eabi/lib/armv7e-m/fpu\libc_nano.a(lib_a-nano-mallocr.o)
 .ARM.attributes
                0x0000076a       0x34 c:/program files (x86)/atollic/truestudio for stm32 9.3.0/armtools/bin/../lib/gcc/arm-atollic-eabi/6.3.1/../../../../arm-atollic-eabi/lib/armv7e-m/fpu\libc_nano.a(lib_a-nano-vfprintf.o)
 .ARM.attributes
                0x0000079e       0x34 c:/program files (x86)/atollic/truestudio for stm32 9.3.0/armtools/bin/../lib/gcc/arm-atollic-eabi/6.3.1/../../../../arm-atollic-eabi/lib/armv7e-m/fpu\libc_nano.a(lib_a-nano-vfprintf_i.o)
 .ARM.attributes
                0x000007d2       0x34 c:/program files (x86)/atollic/truestudio for stm32 9.3.0/armtools/bin/../lib/gcc/arm-atollic-eabi/6.3.1/../../../../arm-atollic-eabi/lib/armv7e-m/fpu\libc_nano.a(lib_a-sbrkr.o)
 .ARM.attributes
                0x00000806       0x34 c:/program files (x86)/atollic/truestudio for stm32 9.3.0/armtools/bin/../lib/gcc/arm-atollic-eabi/6.3.1/../../../../arm-atollic-eabi/lib/armv7e-m/fpu\libc_nano.a(lib_a-stdio.o)
 .ARM.attributes
                0x0000083a       0x34 c:/program files (x86)/atollic/truestudio for stm32 9.3.0/armtools/bin/../lib/gcc/arm-atollic-eabi/6.3.1/../../../../arm-atollic-eabi/lib/armv7e-m/fpu\libc_nano.a(lib_a-wbuf.o)
 .ARM.attributes
                0x0000086e       0x34 c:/program files (x86)/atollic/truestudio for stm32 9.3.0/armtools/bin/../lib/gcc/arm-atollic-eabi/6.3.1/../../../../arm-atollic-eabi/lib/armv7e-m/fpu\libc_nano.a(lib_a-writer.o)
 .ARM.attributes
                0x000008a2       0x34 c:/program files (x86)/atollic/truestudio for stm32 9.3.0/armtools/bin/../lib/gcc/arm-atollic-eabi/6.3.1/../../../../arm-atollic-eabi/lib/armv7e-m/fpu\libc_nano.a(lib_a-wsetup.o)
 .ARM.attributes
                0x000008d6       0x34 c:/program files (x86)/atollic/truestudio for stm32 9.3.0/armtools/bin/../lib/gcc/arm-atollic-eabi/6.3.1/../../../../arm-atollic-eabi/lib/armv7e-m/fpu\libc_nano.a(lib_a-closer.o)
 .ARM.attributes
                0x0000090a       0x34 c:/program files (x86)/atollic/truestudio for stm32 9.3.0/armtools/bin/../lib/gcc/arm-atollic-eabi/6.3.1/../../../../arm-atollic-eabi/lib/armv7e-m/fpu\libc_nano.a(lib_a-fflush.o)
 .ARM.attributes
                0x0000093e       0x34 c:/program files (x86)/atollic/truestudio for stm32 9.3.0/armtools/bin/../lib/gcc/arm-atollic-eabi/6.3.1/../../../../arm-atollic-eabi/lib/armv7e-m/fpu\libc_nano.a(lib_a-lseekr.o)
 .ARM.attributes
                0x00000972       0x34 c:/program files (x86)/atollic/truestudio for stm32 9.3.0/armtools/bin/../lib/gcc/arm-atollic-eabi/6.3.1/../../../../arm-atollic-eabi/lib/armv7e-m/fpu\libc_nano.a(lib_a-makebuf.o)
 .ARM.attributes
                0x000009a6       0x20 c:/program files (x86)/atollic/truestudio for stm32 9.3.0/armtools/bin/../lib/gcc/arm-atollic-eabi/6.3.1/../../../../arm-atollic-eabi/lib/armv7e-m/fpu\libc_nano.a(lib_a-memchr.o)
 .ARM.attributes
                0x000009c6       0x34 c:/program files (x86)/atollic/truestudio for stm32 9.3.0/armtools/bin/../lib/gcc/arm-atollic-eabi/6.3.1/../../../../arm-atollic-eabi/lib/armv7e-m/fpu\libc_nano.a(lib_a-mlock.o)
 .ARM.attributes
                0x000009fa       0x34 c:/program files (x86)/atollic/truestudio for stm32 9.3.0/armtools/bin/../lib/gcc/arm-atollic-eabi/6.3.1/../../../../arm-atollic-eabi/lib/armv7e-m/fpu\libc_nano.a(lib_a-nano-freer.o)
 .ARM.attributes
                0x00000a2e       0x34 c:/program files (x86)/atollic/truestudio for stm32 9.3.0/armtools/bin/../lib/gcc/arm-atollic-eabi/6.3.1/../../../../arm-atollic-eabi/lib/armv7e-m/fpu\libc_nano.a(lib_a-readr.o)
 .ARM.attributes
                0x00000a62       0x34 c:/program files (x86)/atollic/truestudio for stm32 9.3.0/armtools/bin/../lib/gcc/arm-atollic-eabi/6.3.1/../../../../arm-atollic-eabi/lib/armv7e-m/fpu\libc_nano.a(lib_a-reent.o)
 .ARM.attributes
                0x00000a96       0x34 c:/program files (x86)/atollic/truestudio for stm32 9.3.0/armtools/bin/../lib/gcc/arm-atollic-eabi/6.3.1/../../../../arm-atollic-eabi/lib/armv7e-m/fpu\libc_nano.a(lib_a-fstatr.o)
 .ARM.attributes
                0x00000aca       0x34 c:/program files (x86)/atollic/truestudio for stm32 9.3.0/armtools/bin/../lib/gcc/arm-atollic-eabi/6.3.1/../../../../arm-atollic-eabi/lib/armv7e-m/fpu\libc_nano.a(lib_a-isattyr.o)
 .ARM.attributes
                0x00000afe       0x22 c:/program files (x86)/atollic/truestudio for stm32 9.3.0/armtools/bin/../lib/gcc/arm-atollic-eabi/6.3.1/armv7e-m/fpu\libgcc.a(_aeabi_uldivmod.o)
 .ARM.attributes
                0x00000b20       0x34 c:/program files (x86)/atollic/truestudio for stm32 9.3.0/armtools/bin/../lib/gcc/arm-atollic-eabi/6.3.1/armv7e-m/fpu\libgcc.a(_udivmoddi4.o)
 .ARM.attributes
                0x00000b54       0x22 c:/program files (x86)/atollic/truestudio for stm32 9.3.0/armtools/bin/../lib/gcc/arm-atollic-eabi/6.3.1/armv7e-m/fpu\libgcc.a(_dvmd_tls.o)
 .ARM.attributes
                0x00000b76       0x22 c:/program files (x86)/atollic/truestudio for stm32 9.3.0/armtools/bin/../lib/gcc/arm-atollic-eabi/6.3.1/armv7e-m/fpu/crtn.o
OUTPUT(Usart_to_i2c_eeprom_freertos.elf elf32-littlearm)

.debug_info     0x00000000    0x17b18
 .debug_info    0x00000000      0x46a Core\Src\freertos.o
 .debug_info    0x0000046a      0x380 Core\Src\gpio.o
 .debug_info    0x000007ea      0xbf9 Core\Src\i2c.o
 .debug_info    0x000013e3      0xe40 Core\Src\main.o
 .debug_info    0x00002223      0x364 Core\Src\stm32f4xx_hal_msp.o
 .debug_info    0x00002587      0x919 Core\Src\stm32f4xx_it.o
 .debug_info    0x00002ea0      0xf16 Core\Src\syscalls.o
 .debug_info    0x00003db6      0x556 Core\Src\system_stm32f4xx.o
 .debug_info    0x0000430c      0xb6b Core\Src\usart.o
 .debug_info    0x00004e77      0x944 Drivers\STM32F4xx_HAL_Driver\Src\stm32f4xx_hal.o
 .debug_info    0x000057bb      0xe28 Drivers\STM32F4xx_HAL_Driver\Src\stm32f4xx_hal_cortex.o
 .debug_info    0x000065e3      0x964 Drivers\STM32F4xx_HAL_Driver\Src\stm32f4xx_hal_dma.o
 .debug_info    0x00006f47      0x7b4 Drivers\STM32F4xx_HAL_Driver\Src\stm32f4xx_hal_gpio.o
 .debug_info    0x000076fb     0x2422 Drivers\STM32F4xx_HAL_Driver\Src\stm32f4xx_hal_i2c.o
 .debug_info    0x00009b1d      0x903 Drivers\STM32F4xx_HAL_Driver\Src\stm32f4xx_hal_rcc.o
 .debug_info    0x0000a420     0x1249 Drivers\STM32F4xx_HAL_Driver\Src\stm32f4xx_hal_uart.o
 .debug_info    0x0000b669     0x401b Middlewares\Third_Party\FreeRTOS\Source\CMSIS_RTOS_V2\cmsis_os2.o
 .debug_info    0x0000f684      0xace Middlewares\Third_Party\FreeRTOS\Source\list.o
 .debug_info    0x00010152      0x536 Middlewares\Third_Party\FreeRTOS\Source\portable\GCC\ARM_CM4F\port.o
 .debug_info    0x00010688      0xbed Middlewares\Third_Party\FreeRTOS\Source\portable\MemMang\heap_4.o
 .debug_info    0x00011275     0x239f Middlewares\Third_Party\FreeRTOS\Source\queue.o
 .debug_info    0x00013614     0x29c6 Middlewares\Third_Party\FreeRTOS\Source\tasks.o
 .debug_info    0x00015fda     0x1abd Middlewares\Third_Party\FreeRTOS\Source\timers.o
 .debug_info    0x00017a97       0x81 startup\startup_stm32f407xx.o

.debug_abbrev   0x00000000     0x3059
 .debug_abbrev  0x00000000      0x121 Core\Src\freertos.o
 .debug_abbrev  0x00000121      0x104 Core\Src\gpio.o
 .debug_abbrev  0x00000225      0x19d Core\Src\i2c.o
 .debug_abbrev  0x000003c2      0x21a Core\Src\main.o
 .debug_abbrev  0x000005dc      0x104 Core\Src\stm32f4xx_hal_msp.o
 .debug_abbrev  0x000006e0      0x144 Core\Src\stm32f4xx_it.o
 .debug_abbrev  0x00000824      0x271 Core\Src\syscalls.o
 .debug_abbrev  0x00000a95      0x126 Core\Src\system_stm32f4xx.o
 .debug_abbrev  0x00000bbb      0x19d Core\Src\usart.o
 .debug_abbrev  0x00000d58      0x1c2 Drivers\STM32F4xx_HAL_Driver\Src\stm32f4xx_hal.o
 .debug_abbrev  0x00000f1a      0x2f5 Drivers\STM32F4xx_HAL_Driver\Src\stm32f4xx_hal_cortex.o
 .debug_abbrev  0x0000120f      0x224 Drivers\STM32F4xx_HAL_Driver\Src\stm32f4xx_hal_dma.o
 .debug_abbrev  0x00001433      0x1c4 Drivers\STM32F4xx_HAL_Driver\Src\stm32f4xx_hal_gpio.o
 .debug_abbrev  0x000015f7      0x24f Drivers\STM32F4xx_HAL_Driver\Src\stm32f4xx_hal_i2c.o
 .debug_abbrev  0x00001846      0x240 Drivers\STM32F4xx_HAL_Driver\Src\stm32f4xx_hal_rcc.o
 .debug_abbrev  0x00001a86      0x23d Drivers\STM32F4xx_HAL_Driver\Src\stm32f4xx_hal_uart.o
 .debug_abbrev  0x00001cc3      0x3be Middlewares\Third_Party\FreeRTOS\Source\CMSIS_RTOS_V2\cmsis_os2.o
 .debug_abbrev  0x00002081      0x1cc Middlewares\Third_Party\FreeRTOS\Source\list.o
 .debug_abbrev  0x0000224d      0x20d Middlewares\Third_Party\FreeRTOS\Source\portable\GCC\ARM_CM4F\port.o
 .debug_abbrev  0x0000245a      0x29b Middlewares\Third_Party\FreeRTOS\Source\portable\MemMang\heap_4.o
 .debug_abbrev  0x000026f5      0x333 Middlewares\Third_Party\FreeRTOS\Source\queue.o
 .debug_abbrev  0x00002a28      0x34b Middlewares\Third_Party\FreeRTOS\Source\tasks.o
 .debug_abbrev  0x00002d73      0x2d4 Middlewares\Third_Party\FreeRTOS\Source\timers.o
 .debug_abbrev  0x00003047       0x12 startup\startup_stm32f407xx.o

.debug_aranges  0x00000000     0x11d8
 .debug_aranges
                0x00000000       0x28 Core\Src\freertos.o
 .debug_aranges
                0x00000028       0x20 Core\Src\gpio.o
 .debug_aranges
                0x00000048       0x30 Core\Src\i2c.o
 .debug_aranges
                0x00000078       0x50 Core\Src\main.o
 .debug_aranges
                0x000000c8       0x20 Core\Src\stm32f4xx_hal_msp.o
 .debug_aranges
                0x000000e8       0x68 Core\Src\stm32f4xx_it.o
 .debug_aranges
                0x00000150       0xb0 Core\Src\syscalls.o
 .debug_aranges
                0x00000200       0x28 Core\Src\system_stm32f4xx.o
 .debug_aranges
                0x00000228       0x30 Core\Src\usart.o
 .debug_aranges
                0x00000258       0xf0 Drivers\STM32F4xx_HAL_Driver\Src\stm32f4xx_hal.o
 .debug_aranges
                0x00000348      0x118 Drivers\STM32F4xx_HAL_Driver\Src\stm32f4xx_hal_cortex.o
 .debug_aranges
                0x00000460       0x90 Drivers\STM32F4xx_HAL_Driver\Src\stm32f4xx_hal_dma.o
 .debug_aranges
                0x000004f0       0x58 Drivers\STM32F4xx_HAL_Driver\Src\stm32f4xx_hal_gpio.o
 .debug_aranges
                0x00000548      0x2a0 Drivers\STM32F4xx_HAL_Driver\Src\stm32f4xx_hal_i2c.o
 .debug_aranges
                0x000007e8       0x88 Drivers\STM32F4xx_HAL_Driver\Src\stm32f4xx_hal_rcc.o
 .debug_aranges
                0x00000870      0x1d0 Drivers\STM32F4xx_HAL_Driver\Src\stm32f4xx_hal_uart.o
 .debug_aranges
                0x00000a40      0x228 Middlewares\Third_Party\FreeRTOS\Source\CMSIS_RTOS_V2\cmsis_os2.o
 .debug_aranges
                0x00000c68       0x40 Middlewares\Third_Party\FreeRTOS\Source\list.o
 .debug_aranges
                0x00000ca8       0x80 Middlewares\Third_Party\FreeRTOS\Source\portable\GCC\ARM_CM4F\port.o
 .debug_aranges
                0x00000d28       0x50 Middlewares\Third_Party\FreeRTOS\Source\portable\MemMang\heap_4.o
 .debug_aranges
                0x00000d78      0x158 Middlewares\Third_Party\FreeRTOS\Source\queue.o
 .debug_aranges
                0x00000ed0      0x1f8 Middlewares\Third_Party\FreeRTOS\Source\tasks.o
 .debug_aranges
                0x000010c8       0xe8 Middlewares\Third_Party\FreeRTOS\Source\timers.o
 .debug_aranges
                0x000011b0       0x28 startup\startup_stm32f407xx.o

.debug_ranges   0x00000000     0x1088
 .debug_ranges  0x00000000       0x18 Core\Src\freertos.o
 .debug_ranges  0x00000018       0x10 Core\Src\gpio.o
 .debug_ranges  0x00000028       0x20 Core\Src\i2c.o
 .debug_ranges  0x00000048       0x40 Core\Src\main.o
 .debug_ranges  0x00000088       0x10 Core\Src\stm32f4xx_hal_msp.o
 .debug_ranges  0x00000098       0x58 Core\Src\stm32f4xx_it.o
 .debug_ranges  0x000000f0       0xa0 Core\Src\syscalls.o
 .debug_ranges  0x00000190       0x18 Core\Src\system_stm32f4xx.o
 .debug_ranges  0x000001a8       0x20 Core\Src\usart.o
 .debug_ranges  0x000001c8       0xe0 Drivers\STM32F4xx_HAL_Driver\Src\stm32f4xx_hal.o
 .debug_ranges  0x000002a8      0x108 Drivers\STM32F4xx_HAL_Driver\Src\stm32f4xx_hal_cortex.o
 .debug_ranges  0x000003b0       0x80 Drivers\STM32F4xx_HAL_Driver\Src\stm32f4xx_hal_dma.o
 .debug_ranges  0x00000430       0x48 Drivers\STM32F4xx_HAL_Driver\Src\stm32f4xx_hal_gpio.o
 .debug_ranges  0x00000478      0x2b8 Drivers\STM32F4xx_HAL_Driver\Src\stm32f4xx_hal_i2c.o
 .debug_ranges  0x00000730       0x78 Drivers\STM32F4xx_HAL_Driver\Src\stm32f4xx_hal_rcc.o
 .debug_ranges  0x000007a8      0x1c0 Drivers\STM32F4xx_HAL_Driver\Src\stm32f4xx_hal_uart.o
 .debug_ranges  0x00000968      0x218 Middlewares\Third_Party\FreeRTOS\Source\CMSIS_RTOS_V2\cmsis_os2.o
 .debug_ranges  0x00000b80       0x30 Middlewares\Third_Party\FreeRTOS\Source\list.o
 .debug_ranges  0x00000bb0       0x70 Middlewares\Third_Party\FreeRTOS\Source\portable\GCC\ARM_CM4F\port.o
 .debug_ranges  0x00000c20       0x40 Middlewares\Third_Party\FreeRTOS\Source\portable\MemMang\heap_4.o
 .debug_ranges  0x00000c60      0x148 Middlewares\Third_Party\FreeRTOS\Source\queue.o
 .debug_ranges  0x00000da8      0x1e8 Middlewares\Third_Party\FreeRTOS\Source\tasks.o
 .debug_ranges  0x00000f90       0xd8 Middlewares\Third_Party\FreeRTOS\Source\timers.o
 .debug_ranges  0x00001068       0x20 startup\startup_stm32f407xx.o

.debug_line     0x00000000     0x9e19
 .debug_line    0x00000000      0x250 Core\Src\freertos.o
 .debug_line    0x00000250      0x1dd Core\Src\gpio.o
 .debug_line    0x0000042d      0x28c Core\Src\i2c.o
 .debug_line    0x000006b9      0x372 Core\Src\main.o
 .debug_line    0x00000a2b      0x1ea Core\Src\stm32f4xx_hal_msp.o
 .debug_line    0x00000c15      0x33f Core\Src\stm32f4xx_it.o
 .debug_line    0x00000f54      0x3dd Core\Src\syscalls.o
 .debug_line    0x00001331      0x20f Core\Src\system_stm32f4xx.o
 .debug_line    0x00001540      0x28b Core\Src\usart.o
 .debug_line    0x000017cb      0x41f Drivers\STM32F4xx_HAL_Driver\Src\stm32f4xx_hal.o
 .debug_line    0x00001bea      0x553 Drivers\STM32F4xx_HAL_Driver\Src\stm32f4xx_hal_cortex.o
 .debug_line    0x0000213d      0x504 Drivers\STM32F4xx_HAL_Driver\Src\stm32f4xx_hal_dma.o
 .debug_line    0x00002641      0x416 Drivers\STM32F4xx_HAL_Driver\Src\stm32f4xx_hal_gpio.o
 .debug_line    0x00002a57     0x16fb Drivers\STM32F4xx_HAL_Driver\Src\stm32f4xx_hal_i2c.o
 .debug_line    0x00004152      0x4c0 Drivers\STM32F4xx_HAL_Driver\Src\stm32f4xx_hal_rcc.o
 .debug_line    0x00004612      0xb5c Drivers\STM32F4xx_HAL_Driver\Src\stm32f4xx_hal_uart.o
 .debug_line    0x0000516e     0x1aa3 Middlewares\Third_Party\FreeRTOS\Source\CMSIS_RTOS_V2\cmsis_os2.o
 .debug_line    0x00006c11      0x367 Middlewares\Third_Party\FreeRTOS\Source\list.o
 .debug_line    0x00006f78      0x3df Middlewares\Third_Party\FreeRTOS\Source\portable\GCC\ARM_CM4F\port.o
 .debug_line    0x00007357      0x406 Middlewares\Third_Party\FreeRTOS\Source\portable\MemMang\heap_4.o
 .debug_line    0x0000775d      0xdd8 Middlewares\Third_Party\FreeRTOS\Source\queue.o
 .debug_line    0x00008535     0x10d0 Middlewares\Third_Party\FreeRTOS\Source\tasks.o
 .debug_line    0x00009605      0x796 Middlewares\Third_Party\FreeRTOS\Source\timers.o
 .debug_line    0x00009d9b       0x7e startup\startup_stm32f407xx.o

.debug_str      0x00000000     0x643b
 .debug_str     0x00000000      0x77a Core\Src\freertos.o
                                0x7d1 (size before relaxing)
 .debug_str     0x0000077a      0x11e Core\Src\gpio.o
                                0x3ad (size before relaxing)
 .debug_str     0x00000898      0xa44 Core\Src\i2c.o
                                0xe39 (size before relaxing)
 .debug_str     0x000012dc      0x3f0 Core\Src\main.o
                                0xcaa (size before relaxing)
 .debug_str     0x000016cc       0x2c Core\Src\stm32f4xx_hal_msp.o
                                0x3b9 (size before relaxing)
 .debug_str     0x000016f8       0xc8 Core\Src\stm32f4xx_it.o
                                0x9f0 (size before relaxing)
 .debug_str     0x000017c0      0x600 Core\Src\syscalls.o
                                0x862 (size before relaxing)
 .debug_str     0x00001dc0       0xaf Core\Src\system_stm32f4xx.o
                                0x435 (size before relaxing)
 .debug_str     0x00001e6f       0x57 Core\Src\usart.o
                                0xd77 (size before relaxing)
 .debug_str     0x00001ec6      0x2c0 Drivers\STM32F4xx_HAL_Driver\Src\stm32f4xx_hal.o
                                0xb82 (size before relaxing)
 .debug_str     0x00002186      0x489 Drivers\STM32F4xx_HAL_Driver\Src\stm32f4xx_hal_cortex.o
                                0xd06 (size before relaxing)
 .debug_str     0x0000260f      0x313 Drivers\STM32F4xx_HAL_Driver\Src\stm32f4xx_hal_dma.o
                                0x846 (size before relaxing)
 .debug_str     0x00002922      0x174 Drivers\STM32F4xx_HAL_Driver\Src\stm32f4xx_hal_gpio.o
                                0x5cc (size before relaxing)
 .debug_str     0x00002a96      0x89a Drivers\STM32F4xx_HAL_Driver\Src\stm32f4xx_hal_i2c.o
                               0x10a7 (size before relaxing)
 .debug_str     0x00003330      0x1ae Drivers\STM32F4xx_HAL_Driver\Src\stm32f4xx_hal_rcc.o
                                0x783 (size before relaxing)
 .debug_str     0x000034de      0x4f5 Drivers\STM32F4xx_HAL_Driver\Src\stm32f4xx_hal_uart.o
                                0xc96 (size before relaxing)
 .debug_str     0x000039d3      0xd46 Middlewares\Third_Party\FreeRTOS\Source\CMSIS_RTOS_V2\cmsis_os2.o
                               0x1893 (size before relaxing)
 .debug_str     0x00004719      0x139 Middlewares\Third_Party\FreeRTOS\Source\list.o
                                0x758 (size before relaxing)
 .debug_str     0x00004852      0x240 Middlewares\Third_Party\FreeRTOS\Source\portable\GCC\ARM_CM4F\port.o
                                0x47c (size before relaxing)
 .debug_str     0x00004a92      0x1f8 Middlewares\Third_Party\FreeRTOS\Source\portable\MemMang\heap_4.o
                                0x822 (size before relaxing)
 .debug_str     0x00004c8a      0x6f2 Middlewares\Third_Party\FreeRTOS\Source\queue.o
                                0xf80 (size before relaxing)
 .debug_str     0x0000537c      0xb69 Middlewares\Third_Party\FreeRTOS\Source\tasks.o
                               0x15da (size before relaxing)
 .debug_str     0x00005ee5      0x556 Middlewares\Third_Party\FreeRTOS\Source\timers.o
                                0xf08 (size before relaxing)

.comment        0x00000000       0x7c
 .comment       0x00000000       0x7c Core\Src\freertos.o
                                 0x7d (size before relaxing)
 .comment       0x0000007c       0x7d Core\Src\gpio.o
 .comment       0x0000007c       0x7d Core\Src\i2c.o
 .comment       0x0000007c       0x7d Core\Src\main.o
 .comment       0x0000007c       0x7d Core\Src\stm32f4xx_hal_msp.o
 .comment       0x0000007c       0x7d Core\Src\stm32f4xx_it.o
 .comment       0x0000007c       0x7d Core\Src\syscalls.o
 .comment       0x0000007c       0x7d Core\Src\system_stm32f4xx.o
 .comment       0x0000007c       0x7d Core\Src\usart.o
 .comment       0x0000007c       0x7d Drivers\STM32F4xx_HAL_Driver\Src\stm32f4xx_hal.o
 .comment       0x0000007c       0x7d Drivers\STM32F4xx_HAL_Driver\Src\stm32f4xx_hal_cortex.o
 .comment       0x0000007c       0x7d Drivers\STM32F4xx_HAL_Driver\Src\stm32f4xx_hal_dma.o
 .comment       0x0000007c       0x7d Drivers\STM32F4xx_HAL_Driver\Src\stm32f4xx_hal_gpio.o
 .comment       0x0000007c       0x7d Drivers\STM32F4xx_HAL_Driver\Src\stm32f4xx_hal_i2c.o
 .comment       0x0000007c       0x7d Drivers\STM32F4xx_HAL_Driver\Src\stm32f4xx_hal_rcc.o
 .comment       0x0000007c       0x7d Drivers\STM32F4xx_HAL_Driver\Src\stm32f4xx_hal_uart.o
 .comment       0x0000007c       0x7d Middlewares\Third_Party\FreeRTOS\Source\CMSIS_RTOS_V2\cmsis_os2.o
 .comment       0x0000007c       0x7d Middlewares\Third_Party\FreeRTOS\Source\list.o
 .comment       0x0000007c       0x7d Middlewares\Third_Party\FreeRTOS\Source\portable\GCC\ARM_CM4F\port.o
 .comment       0x0000007c       0x7d Middlewares\Third_Party\FreeRTOS\Source\portable\MemMang\heap_4.o
 .comment       0x0000007c       0x7d Middlewares\Third_Party\FreeRTOS\Source\queue.o
 .comment       0x0000007c       0x7d Middlewares\Third_Party\FreeRTOS\Source\tasks.o
 .comment       0x0000007c       0x7d Middlewares\Third_Party\FreeRTOS\Source\timers.o

.debug_frame    0x00000000     0x505c
 .debug_frame   0x00000000       0x4c Core\Src\freertos.o
 .debug_frame   0x0000004c       0x38 Core\Src\gpio.o
 .debug_frame   0x00000084       0x74 Core\Src\i2c.o
 .debug_frame   0x000000f8      0x100 Core\Src\main.o
 .debug_frame   0x000001f8       0x38 Core\Src\stm32f4xx_hal_msp.o
 .debug_frame   0x00000230      0x120 Core\Src\stm32f4xx_it.o
 .debug_frame   0x00000350      0x2d4 Core\Src\syscalls.o
 .debug_frame   0x00000624       0x58 Core\Src\system_stm32f4xx.o
 .debug_frame   0x0000067c       0x74 Core\Src\usart.o
 .debug_frame   0x000006f0      0x374 Drivers\STM32F4xx_HAL_Driver\Src\stm32f4xx_hal.o
 .debug_frame   0x00000a64      0x498 Drivers\STM32F4xx_HAL_Driver\Src\stm32f4xx_hal_cortex.o
 .debug_frame   0x00000efc      0x250 Drivers\STM32F4xx_HAL_Driver\Src\stm32f4xx_hal_dma.o
 .debug_frame   0x0000114c      0x14c Drivers\STM32F4xx_HAL_Driver\Src\stm32f4xx_hal_gpio.o
 .debug_frame   0x00001298      0xc5c Drivers\STM32F4xx_HAL_Driver\Src\stm32f4xx_hal_i2c.o
 .debug_frame   0x00001ef4      0x1f8 Drivers\STM32F4xx_HAL_Driver\Src\stm32f4xx_hal_rcc.o
 .debug_frame   0x000020ec      0x844 Drivers\STM32F4xx_HAL_Driver\Src\stm32f4xx_hal_uart.o
 .debug_frame   0x00002930      0x978 Middlewares\Third_Party\FreeRTOS\Source\CMSIS_RTOS_V2\cmsis_os2.o
 .debug_frame   0x000032a8       0xd8 Middlewares\Third_Party\FreeRTOS\Source\list.o
 .debug_frame   0x00003380      0x1a8 Middlewares\Third_Party\FreeRTOS\Source\portable\GCC\ARM_CM4F\port.o
 .debug_frame   0x00003528      0x108 Middlewares\Third_Party\FreeRTOS\Source\portable\MemMang\heap_4.o
 .debug_frame   0x00003630      0x5ec Middlewares\Third_Party\FreeRTOS\Source\queue.o
 .debug_frame   0x00003c1c      0x8a8 Middlewares\Third_Party\FreeRTOS\Source\tasks.o
 .debug_frame   0x000044c4      0x3dc Middlewares\Third_Party\FreeRTOS\Source\timers.o
 .debug_frame   0x000048a0       0x20 c:/program files (x86)/atollic/truestudio for stm32 9.3.0/armtools/bin/../lib/gcc/arm-atollic-eabi/6.3.1/../../../../arm-atollic-eabi/lib/armv7e-m/fpu\libc_nano.a(lib_a-errno.o)
 .debug_frame   0x000048c0       0x2c c:/program files (x86)/atollic/truestudio for stm32 9.3.0/armtools/bin/../lib/gcc/arm-atollic-eabi/6.3.1/../../../../arm-atollic-eabi/lib/armv7e-m/fpu\libc_nano.a(lib_a-init.o)
 .debug_frame   0x000048ec       0x28 c:/program files (x86)/atollic/truestudio for stm32 9.3.0/armtools/bin/../lib/gcc/arm-atollic-eabi/6.3.1/../../../../arm-atollic-eabi/lib/armv7e-m/fpu\libc_nano.a(lib_a-memcpy-stub.o)
 .debug_frame   0x00004914       0x20 c:/program files (x86)/atollic/truestudio for stm32 9.3.0/armtools/bin/../lib/gcc/arm-atollic-eabi/6.3.1/../../../../arm-atollic-eabi/lib/armv7e-m/fpu\libc_nano.a(lib_a-memset.o)